 ff2ap_hooks

 Timestamp is 6a7258e5 (Tue Aug  4 16:25:57 2026)

 Preferred load address is 10000000

 Start         Length     Name                   Class
 0001:00000000 00000060H .text$di                CODE
 0001:00000060 00004de0H .text$mn                CODE
 0001:00004e40 00000270H .text$x                 CODE
 0001:000050b0 000000baH .text$yd                CODE
 0002:00000000 00000184H .idata$5                DATA
 0002:00000184 00000008H .00cfg                  DATA
 0002:0000018c 00000004H .CRT$XCA                DATA
 0002:00000190 0000000cH .CRT$XCU                DATA
 0002:0000019c 00000004H .CRT$XCZ                DATA
 0002:000001a0 00000004H .CRT$XIA                DATA
 0002:000001a4 00000004H .CRT$XIZ                DATA
 0002:000001a8 00000004H .CRT$XPA                DATA
 0002:000001ac 00000004H .CRT$XPZ                DATA
 0002:000001b0 00000004H .CRT$XTA                DATA
 0002:000001b4 00000004H .CRT$XTZ                DATA
 0002:000001b8 00000000H .gfids$y                DATA
 0002:000001b8 00000248H .rdata                  DATA
 0002:00000400 00000000H .rdata$CastGuardVftablesA DATA
 0002:00000400 00000000H .rdata$CastGuardVftablesC DATA
 0002:00000400 0000012cH .rdata$r                DATA
 0002:0000052c 0000002cH .rdata$sxdata           DATA
 0002:00000558 000000e0H .rdata$voltmd           DATA
 0002:00000638 000002b4H .rdata$zzzdbg           DATA
 0002:000008ec 00000004H .rtc$IAA                DATA
 0002:000008f0 00000004H .rtc$IZZ                DATA
 0002:000008f4 00000004H .rtc$TAA                DATA
 0002:000008f8 00000008H .rtc$TZZ                DATA
 0002:00000900 00000340H .xdata$x                DATA
 0002:00000c40 00000000H .edata                  DATA
 0002:00000c40 000000a0H .idata$2                DATA
 0002:00000ce0 00000014H .idata$3                DATA
 0002:00000cf4 00000184H .idata$4                DATA
 0002:00000e78 000006fcH .idata$6                DATA
 0003:00000000 000002a4H .data                   DATA
 0003:000002a4 00000060H .data$r                 DATA
 0003:00000304 0000001cH .data$rs                DATA
 0003:00000320 000003f4H .bss                    DATA
 0004:00000000 00000060H .rsrc$01                DATA
 0004:00000060 00000180H .rsrc$02                DATA

  Address         Publics by Value              Rva+Base       Lib:Object

 0000:00000000       ___AbsoluteZero            00000000     <absolute>
 0000:00000000       ___arm64x_extra_rfe_table  00000000     <absolute>
 0000:00000000       ___arm64x_extra_rfe_table_size 00000000     <absolute>
 0000:00000000       ___arm64x_native_entrypoint 00000000     <absolute>
 0000:00000000       ___arm64x_redirection_metadata 00000000     <absolute>
 0000:00000000       ___arm64x_redirection_metadata_count 00000000     <absolute>
 0000:00000000       ___dynamic_value_reloc_table 00000000     <absolute>
 0000:00000000       ___enclave_config          00000000     <absolute>
 0000:00000000       ___guard_check_icall_a64n_fptr 00000000     <absolute>
 0000:00000000       ___guard_eh_cont_count     00000000     <absolute>
 0000:00000000       ___guard_eh_cont_table     00000000     <absolute>
 0000:00000000       ___guard_fids_count        00000000     <absolute>
 0000:00000000       ___guard_fids_table        00000000     <absolute>
 0000:00000000       ___guard_iat_count         00000000     <absolute>
 0000:00000000       ___guard_iat_table         00000000     <absolute>
 0000:00000000       ___guard_longjmp_count     00000000     <absolute>
 0000:00000000       ___guard_longjmp_table     00000000     <absolute>
 0000:00000000       ___hybrid_auxiliary_delayload_iat 00000000     <absolute>
 0000:00000000       ___hybrid_auxiliary_delayload_iat_copy 00000000     <absolute>
 0000:00000000       ___hybrid_auxiliary_iat    00000000     <absolute>
 0000:00000000       ___hybrid_auxiliary_iat_copy 00000000     <absolute>
 0000:00000000       ___hybrid_code_map         00000000     <absolute>
 0000:00000000       ___hybrid_code_map_count   00000000     <absolute>
 0000:00000000       ___hybrid_image_info_bitfield 00000000     <absolute>
 0000:00000000       ___x64_code_ranges_to_entry_points 00000000     <absolute>
 0000:00000000       ___x64_code_ranges_to_entry_points_count 00000000     <absolute>
 0000:0000000b       ___safe_se_handler_count   0000000b     <absolute>
 0000:00000100       ___guard_flags             00000100     <absolute>
 0000:00000000       ___ImageBase               10000000     <linker-defined>
 0001:00000090       _DllMain@12                10001090 f   dllmain.obj
 0001:000000c0       ??$_Allocate_for_capacity@$0A@@?$basic_string@DU?$char_traits@D@std@@V?$allocator@D@2@@std@@CAPADAAV?$allocator@D@1@AAI@Z 100010c0 f i ipc.obj
 0001:00000120       ??$_Construct@$00PBD@?$basic_string@DU?$char_traits@D@std@@V?$allocator@D@2@@std@@AAEXQBDI@Z 10001120 f i ipc.obj
 0001:000001b0       ??$_Destroy_range@V?$allocator@V?$function@$$A6AXABV?$basic_string@DU?$char_traits@D@std@@V?$allocator@D@2@@std@@@Z@std@@@std@@@std@@YAXPAV?$function@$$A6AXABV?$basic_string@DU?$char_traits@D@std@@V?$allocator@D@2@@std@@@Z@0@QAV10@AAV?$allocator@V?$function@$$A6AXABV?$basic_string@DU?$char_traits@D@std@@V?$allocator@D@2@@std@@@Z@std@@@0@@Z 100011b0 f i ipc.obj
 0001:000001f0       ??$_Invoke@V?$tuple@P6AXIAAU?$atomic@_N@std@@@ZIV?$reference_wrapper@U?$atomic@_N@std@@@2@@std@@$0A@$00$01@thread@std@@CGIPAX@Z 100011f0 f i ipc.obj
 0001:00000250       ??$_Invoke@V?$tuple@P6AXXZ@std@@$0A@@thread@std@@CGIPAX@Z 10001250 f i ipc.obj
 0001:000002b0       ??0?$basic_string@DU?$char_traits@D@std@@V?$allocator@D@2@@std@@QAE@ABV01@@Z 100012b0 f i ipc.obj
 0001:00000360       ??0bad_alloc@std@@QAE@ABV01@@Z 10001360 f i ipc.obj
 0001:000003a0       ??0bad_array_new_length@std@@QAE@ABV01@@Z 100013a0 f i ipc.obj
 0001:000003e0       ??0bad_array_new_length@std@@QAE@XZ 100013e0 f i ipc.obj
 0001:00000400       ??0exception@std@@QAE@ABV01@@Z 10001400 f i ipc.obj
 0001:00000430       ??1?$basic_string@DU?$char_traits@D@std@@V?$allocator@D@2@@std@@QAE@XZ 10001430 f i ipc.obj
 0001:00000480       ??1?$deque@V?$basic_string@DU?$char_traits@D@std@@V?$allocator@D@2@@std@@V?$allocator@V?$basic_string@DU?$char_traits@D@std@@V?$allocator@D@2@@std@@@2@@std@@QAE@XZ 10001480 f i ipc.obj
 0001:00000580       ??1?$lock_guard@Vmutex@std@@@std@@QAE@XZ 10001580 f i ipc.obj
 0001:00000590       ??1?$unique_lock@Vmutex@std@@@std@@QAE@XZ 10001590 f i ipc.obj
 0001:000005a0       ??1?$unique_ptr@V?$tuple@P6AXIAAU?$atomic@_N@std@@@ZIV?$reference_wrapper@U?$atomic@_N@std@@@2@@std@@U?$default_delete@V?$tuple@P6AXIAAU?$atomic@_N@std@@@ZIV?$reference_wrapper@U?$atomic@_N@std@@@2@@std@@@2@@std@@QAE@XZ 100015a0 f i ipc.obj
 0001:000005c0       ??1?$unique_ptr@V?$tuple@P6AXXZ@std@@U?$default_delete@V?$tuple@P6AXXZ@std@@@2@@std@@QAE@XZ 100015c0 f i ipc.obj
 0001:000005e0       ??1bad_alloc@std@@UAE@XZ   100015e0 f i ipc.obj
 0001:000005e0       ??1bad_array_new_length@std@@UAE@XZ 100015e0 f i ipc.obj
 0001:00000600       ??1thread@std@@QAE@XZ      10001600 f i ipc.obj
 0001:00000610       ??_Ebad_alloc@std@@UAEPAXI@Z 10001610 f i ipc.obj
 0001:00000610       ??_Ebad_array_new_length@std@@UAEPAXI@Z 10001610 f i ipc.obj
 0001:00000610       ??_Eexception@std@@UAEPAXI@Z 10001610 f i ipc.obj
 0001:00000610       ??_Gbad_alloc@std@@UAEPAXI@Z 10001610 f i ipc.obj
 0001:00000610       ??_Gbad_array_new_length@std@@UAEPAXI@Z 10001610 f i ipc.obj
 0001:00000610       ??_Gexception@std@@UAEPAXI@Z 10001610 f i ipc.obj
 0001:00000d90       ?Init@ipc@@YAXXZ           10001d90 f   ipc.obj
 0001:00000e50       ?Log@ipc@@YAXABV?$basic_string@DU?$char_traits@D@std@@V?$allocator@D@2@@std@@@Z 10001e50 f   ipc.obj
 0001:00001060       ?QueueSend@ipc@@YAXABV?$basic_string@DU?$char_traits@D@std@@V?$allocator@D@2@@std@@@Z 10002060 f   ipc.obj
 0001:00001990       ?_Growmap@?$deque@V?$basic_string@DU?$char_traits@D@std@@V?$allocator@D@2@@std@@V?$allocator@V?$basic_string@DU?$char_traits@D@std@@V?$allocator@D@2@@std@@@2@@std@@AAEXI@Z 10002990 f i ipc.obj
 0001:00001b40       ?_Throw_bad_array_new_length@std@@YAXXZ 10002b40 f i ipc.obj
 0001:00001b40       ?__scrt_throw_std_bad_array_new_length@@YAXXZ 10002b40 f i MSVCRT:throw_bad_alloc.obj
 0001:00001b60       ?_Xlen@?$deque@V?$basic_string@DU?$char_traits@D@std@@V?$allocator@D@2@@std@@V?$allocator@V?$basic_string@DU?$char_traits@D@std@@V?$allocator@D@2@@std@@@2@@std@@CAXXZ 10002b60 f i ipc.obj
 0001:00001b70       ?_Xlen_string@std@@YAXXZ   10002b70 f i ipc.obj
 0001:00001b80       ?_Xran@?$_String_val@U?$_Simple_types@D@std@@@std@@SAXXZ 10002b80 f i ipc.obj
 0001:00001b90       ?now@steady_clock@chrono@std@@SA?AV?$time_point@Usteady_clock@chrono@std@@V?$duration@_JU?$ratio@$00$0DLJKMKAA@@std@@@23@@23@XZ 10002b90 f i ipc.obj
 0001:00001c90       ?what@exception@std@@UBEPBDXZ 10002c90 f i ipc.obj
 0001:00001ca0       ??$?0PAD$0A@@?$basic_string@DU?$char_traits@D@std@@V?$allocator@D@2@@std@@QAE@PAD0ABV?$allocator@D@1@@Z 10002ca0 f i boundary_gate.obj
 0001:00001d60       ??$_UIntegral_to_buff@DI@std@@YAPADPADI@Z 10002d60 f i boundary_gate.obj
 0001:00001dd0       ?InstallBoundaryGate@hooks@@YA_NXZ 10002dd0 f   boundary_gate.obj
 0001:00001e10       ?insert@?$basic_string@DU?$char_traits@D@std@@V?$allocator@D@2@@std@@QAEAAV12@IQBDI@Z 10002e10 f i boundary_gate.obj
 0001:00001ff0       _HandleBoundaryCheck       10002ff0 f   boundary_gate.obj
 0001:00002140       ?InstallLevelGuard@hooks@@YA_NXZ 10003140 f   level_guard.obj
 0001:00002720       ?InstallPlayerFish@hooks@@YA_NXZ 10003720 f   player_fish.obj
 0001:00002c20       _MH_CreateHook@12          10003c20 f   minhook.x32:hook.obj
 0001:00002e30       _MH_EnableHook@4           10003e30 f   minhook.x32:hook.obj
 0001:00002e50       _MH_Initialize@0           10003e50 f   minhook.x32:hook.obj
 0001:00003080       _AllocateBuffer            10004080 f   minhook.x32:buffer.obj
 0001:00003100       _FreeBuffer                10004100 f   minhook.x32:buffer.obj
 0001:00003170       @_guard_check_icall_nop@4  10004170 f   MSVCRT:guard_support.obj
 0001:00003170       _InitializeBuffer          10004170 f   minhook.x32:buffer.obj
 0001:00003180       _IsExecutableAddress       10004180 f   minhook.x32:buffer.obj
 0001:000031c0       _CreateTrampolineFunction  100041c0 f   minhook.x32:trampoline.obj
 0001:000034e0       _hde32_disasm              100044e0 f   minhook.x32:hde32.obj
 0001:00003c1c       _CreateToolhelp32Snapshot@8 10004c1c f   kernel32:KERNEL32.dll
 0001:00003c22       _Thread32First@8           10004c22 f   kernel32:KERNEL32.dll
 0001:00003c28       _Thread32Next@8            10004c28 f   kernel32:KERNEL32.dll
 0001:00003c2e       __Query_perf_counter       10004c2e f   msvcprt:MSVCP140.dll
 0001:00003c34       __Query_perf_frequency     10004c34 f   msvcprt:MSVCP140.dll
 0001:00003c3a       __Thrd_detach              10004c3a f   msvcprt:MSVCP140.dll
 0001:00003c40       __Thrd_join                10004c40 f   msvcprt:MSVCP140.dll
 0001:00003c46       __Thrd_id                  10004c46 f   msvcprt:MSVCP140.dll
 0001:00003c4c       ?wait_for@stl_condition_variable_win7@details@Concurrency@@QAE_NPAU_Stl_critical_section@@I@Z 10004c4c f i msvcprt:sharedmutex.obj
 0001:00003c6e       __Cnd_timedwait_for@12     10004c6e f   msvcprt:sharedmutex.obj
 0001:00003ccd       __Thrd_sleep_for@4         10004ccd f   msvcprt:sharedmutex.obj
 0001:00003cd3       __Mtx_lock                 10004cd3 f   msvcprt:MSVCP140.dll
 0001:00003cd9       __Mtx_unlock               10004cd9 f   msvcprt:MSVCP140.dll
 0001:00003cdf       __Cnd_init_in_situ         10004cdf f   msvcprt:MSVCP140.dll
 0001:00003ce5       __Cnd_destroy_in_situ      10004ce5 f   msvcprt:MSVCP140.dll
 0001:00003ceb       __Cnd_broadcast            10004ceb f   msvcprt:MSVCP140.dll
 0001:00003cf1       __Cnd_do_broadcast_at_thread_exit 10004cf1 f   msvcprt:MSVCP140.dll
 0001:00003cf7       ?_Throw_Cpp_error@std@@YAXH@Z 10004cf7 f   msvcprt:MSVCP140.dll
 0001:00003cfd       ?_Xinvalid_argument@std@@YAXPBD@Z 10004cfd f   msvcprt:MSVCP140.dll
 0001:00003d03       ?_Xlength_error@std@@YAXPBD@Z 10004d03 f   msvcprt:MSVCP140.dll
 0001:00003d09       ?_Xout_of_range@std@@YAXPBD@Z 10004d09 f   msvcprt:MSVCP140.dll
 0001:00003d0f       ?_Xbad_function_call@std@@YAXXZ 10004d0f f   msvcprt:MSVCP140.dll
 0001:00003d15       ??2@YAPAXI@Z               10004d15 f   MSVCRT:new_scalar.obj
 0001:00003d45       ??3@YAXPAXI@Z              10004d45 f   MSVCRT:delete_scalar_size.obj
 0001:00003d97       ___scrt_acquire_startup_lock 10004d97 f   MSVCRT:utility.obj
 0001:00003dc9       ___scrt_dllmain_after_initialize_c 10004dc9 f   MSVCRT:utility.obj
 0001:00003df4       ___scrt_dllmain_before_initialize_c 10004df4 f   MSVCRT:utility.obj
 0001:00003e02       ___scrt_dllmain_crt_thread_attach 10004e02 f   MSVCRT:utility.obj
 0001:00003e21       ___scrt_dllmain_crt_thread_detach 10004e21 f   MSVCRT:utility.obj
 0001:00003e2e       ___scrt_dllmain_exception_filter 10004e2e f   MSVCRT:utility.obj
 0001:00003e62       ___scrt_dllmain_uninitialize_c 10004e62 f   MSVCRT:utility.obj
 0001:00003e85       ___scrt_dllmain_uninitialize_critical 10004e85 f   MSVCRT:utility.obj
 0001:00003e92       ___scrt_initialize_crt     10004e92 f   MSVCRT:utility.obj
 0001:00003ecb       ___scrt_initialize_onexit_tables 10004ecb f   MSVCRT:utility.obj
 0001:00003f52       ___scrt_is_nonwritable_in_current_image 10004f52 f   MSVCRT:utility.obj
 0001:00003fe6       ___scrt_release_startup_lock 10004fe6 f   MSVCRT:utility.obj
 0001:00004003       ___scrt_uninitialize_crt   10005003 f   MSVCRT:utility.obj
 0001:0000402b       __onexit                   1000502b f   MSVCRT:utility.obj
 0001:00004058       _atexit                    10005058 f   MSVCRT:utility.obj
 0001:0000406d       @__security_check_cookie@4 1000506d f   MSVCRT:secchk.obj
 0001:00004080       __alldiv                   10005080 f   MSVCRT:lldiv.obj
 0001:00004130       __alldvrm                  10005130 f   MSVCRT:lldvrm.obj
 0001:00004210       __allmul                   10005210 f   MSVCRT:llmul.obj
 0001:00004244       ??_Etype_info@@UAEPAXI@Z   10005244 f i MSVCRT:std_type_info_static.obj
 0001:00004244       ??_Gtype_info@@UAEPAXI@Z   10005244 f i MSVCRT:std_type_info_static.obj
 0001:000045a7       __DllMainCRTStartup@12     100055a7 f   MSVCRT:dll_dllmain.obj
 0001:000045ca       ??0bad_alloc@std@@QAE@XZ   100055ca f i MSVCRT:throw_bad_alloc.obj
 0001:000045e2       ?__scrt_throw_std_bad_alloc@@YAXXZ 100055e2 f   MSVCRT:throw_bad_alloc.obj
 0001:000045ff       ??3@YAXPAX@Z               100055ff f   MSVCRT:delete_scalar.obj
 0001:00004604       ___isa_available_init      10005604 f   MSVCRT:cpu_disp.obj
 0001:00004931       __get_startup_argv_mode    10005931 f   MSVCRT:argv_mode.obj
 0001:00004935       ___scrt_is_ucrt_dll_in_use 10005935 f   MSVCRT:ucrt_detection.obj
 0001:00004941       ___scrt_fastfail           10005941 f   MSVCRT:utility_desktop.obj
 0001:00004a56       __crt_debugger_hook        10005a56 f   MSVCRT:utility_desktop.obj
 0001:00004a60       __SEH_prolog4              10005a60 f   MSVCRT:sehprolg4.obj
 0001:00004aa5       __except_handler4          10005aa5 f   MSVCRT:chandler4gs.obj
 0001:00004ad4       ___raise_securityfailure   10005ad4 f   MSVCRT:gs_report.obj
 0001:00004afc       ___report_gsfailure        10005afc f   MSVCRT:gs_report.obj
 0001:00004c44       ___security_init_cookie    10005c44 f   MSVCRT:gs_support.obj
 0001:00004c8f       ?__scrt_initialize_type_info@@YAXXZ 10005c8f f   MSVCRT:tncleanup.obj
 0001:00004c9b       ?__scrt_uninitialize_type_info@@YAXXZ 10005c9b f   MSVCRT:tncleanup.obj
 0001:00004ca7       ___local_stdio_printf_options 10005ca7 f i MSVCRT:default_local_stdio_options.obj
 0001:00004cad       ___local_stdio_scanf_options 10005cad f i MSVCRT:default_local_stdio_options.obj
 0001:00004cb3       ___scrt_initialize_default_local_stdio_options 10005cb3 f   MSVCRT:default_local_stdio_options.obj
 0001:00004cd0       ___scrt_get_dyn_tls_init_callback 10005cd0 f   MSVCRT:dyn_tls_init.obj
 0001:00004cd6       __RTC_Initialize           10005cd6 f   MSVCRT:initsect.obj
 0001:00004d02       __RTC_Terminate            10005d02 f   MSVCRT:initsect.obj
 0001:00004d2e       ___std_exception_copy      10005d2e f   vcruntime:VCRUNTIME140.dll
 0001:00004d34       ___std_exception_destroy   10005d34 f   vcruntime:VCRUNTIME140.dll
 0001:00004d3a       __CxxThrowException@8      10005d3a f   vcruntime:VCRUNTIME140.dll
 0001:00004d40       ___CxxFrameHandler3        10005d40 f   vcruntime:VCRUNTIME140.dll
 0001:00004d46       _memchr                    10005d46 f   vcruntime:VCRUNTIME140.dll
 0001:00004d4c       _memcpy                    10005d4c f   vcruntime:VCRUNTIME140.dll
 0001:00004d52       _memmove                   10005d52 f   vcruntime:VCRUNTIME140.dll
 0001:00004d58       _memset                    10005d58 f   vcruntime:VCRUNTIME140.dll
 0001:00004d5e       __except_handler4_common   10005d5e f   vcruntime:VCRUNTIME140.dll
 0001:00004d64       ___std_type_info_destroy_list 10005d64 f   vcruntime:VCRUNTIME140.dll
 0001:00004d6a       __callnewh                 10005d6a f   ucrt:api-ms-win-crt-heap-l1-1-0.dll
 0001:00004d70       _malloc                    10005d70 f   ucrt:api-ms-win-crt-heap-l1-1-0.dll
 0001:00004d76       __seh_filter_dll           10005d76 f   ucrt:api-ms-win-crt-runtime-l1-1-0.dll
 0001:00004d7c       __configure_narrow_argv    10005d7c f   ucrt:api-ms-win-crt-runtime-l1-1-0.dll
 0001:00004d82       __initialize_narrow_environment 10005d82 f   ucrt:api-ms-win-crt-runtime-l1-1-0.dll
 0001:00004d88       __initialize_onexit_table  10005d88 f   ucrt:api-ms-win-crt-runtime-l1-1-0.dll
 0001:00004d8e       __register_onexit_function 10005d8e f   ucrt:api-ms-win-crt-runtime-l1-1-0.dll
 0001:00004d94       __execute_onexit_table     10005d94 f   ucrt:api-ms-win-crt-runtime-l1-1-0.dll
 0001:00004d9a       __crt_atexit               10005d9a f   ucrt:api-ms-win-crt-runtime-l1-1-0.dll
 0001:00004da0       __cexit                    10005da0 f   ucrt:api-ms-win-crt-runtime-l1-1-0.dll
 0001:00004da6       __initterm                 10005da6 f   ucrt:api-ms-win-crt-runtime-l1-1-0.dll
 0001:00004dac       __initterm_e               10005dac f   ucrt:api-ms-win-crt-runtime-l1-1-0.dll
 0001:00004db2       _free                      10005db2 f   ucrt:api-ms-win-crt-heap-l1-1-0.dll
 0001:00004db8       ___acrt_initialize         10005db8 f   MSVCRT:ucrt_stubs.obj
 0001:00004db8       ___acrt_thread_attach      10005db8 f   MSVCRT:ucrt_stubs.obj
 0001:00004db8       ___acrt_thread_detach      10005db8 f   MSVCRT:ucrt_stubs.obj
 0001:00004db8       ___acrt_uninitialize       10005db8 f   MSVCRT:ucrt_stubs.obj
 0001:00004db8       ___acrt_uninitialize_critical 10005db8 f   MSVCRT:ucrt_stubs.obj
 0001:00004db8       ___scrt_stub_for_acrt_initialize 10005db8 f   MSVCRT:ucrt_stubs.obj
 0001:00004db8       ___scrt_stub_for_acrt_thread_attach 10005db8 f   MSVCRT:ucrt_stubs.obj
 0001:00004db8       ___scrt_stub_for_acrt_thread_detach 10005db8 f   MSVCRT:ucrt_stubs.obj
 0001:00004db8       ___scrt_stub_for_acrt_uninitialize 10005db8 f   MSVCRT:ucrt_stubs.obj
 0001:00004db8       ___scrt_stub_for_acrt_uninitialize_critical 10005db8 f   MSVCRT:ucrt_stubs.obj
 0001:00004db8       ___vcrt_initialize         10005db8 f   MSVCRT:ucrt_stubs.obj
 0001:00004db8       ___vcrt_thread_attach      10005db8 f   MSVCRT:ucrt_stubs.obj
 0001:00004db8       ___vcrt_thread_detach      10005db8 f   MSVCRT:ucrt_stubs.obj
 0001:00004db8       ___vcrt_uninitialize       10005db8 f   MSVCRT:ucrt_stubs.obj
 0001:00004db8       ___vcrt_uninitialize_critical 10005db8 f   MSVCRT:ucrt_stubs.obj
 0001:00004dbb       ___scrt_stub_for_is_c_termination_complete 10005dbb f   MSVCRT:ucrt_stubs.obj
 0001:00004dbb       __is_c_termination_complete 10005dbb f   MSVCRT:ucrt_stubs.obj
 0001:00004dbe       __filter_x86_sse2_floating_point_exception 10005dbe f   MSVCRT:x86_exception_filter.obj
 0001:00004dbe       __filter_x86_sse2_floating_point_exception_default 10005dbe f   MSVCRT:x86_exception_filter.obj
 0002:00000000       __imp__InitializeSListHead@4 10007000     kernel32:KERNEL32.dll
 0002:00000004       __imp__GetSystemTimeAsFileTime@4 10007004     kernel32:KERNEL32.dll
 0002:00000008       __imp__QueryPerformanceCounter@4 10007008     kernel32:KERNEL32.dll
 0002:0000000c       __imp__TerminateProcess@8  1000700c     kernel32:KERNEL32.dll
 0002:00000010       __imp__SetUnhandledExceptionFilter@4 10007010     kernel32:KERNEL32.dll
 0002:00000014       __imp__UnhandledExceptionFilter@4 10007014     kernel32:KERNEL32.dll
 0002:00000018       __imp__IsDebuggerPresent@0 10007018     kernel32:KERNEL32.dll
 0002:0000001c       __imp__IsProcessorFeaturePresent@4 1000701c     kernel32:KERNEL32.dll
 0002:00000020       __imp__CreateThread@24     10007020     kernel32:KERNEL32.dll
 0002:00000024       __imp__DisableThreadLibraryCalls@4 10007024     kernel32:KERNEL32.dll
 0002:00000028       __imp__GetModuleHandleA@4  10007028     kernel32:KERNEL32.dll
 0002:0000002c       __imp__CloseHandle@4       1000702c     kernel32:KERNEL32.dll
 0002:00000030       __imp__GetLastError@0      10007030     kernel32:KERNEL32.dll
 0002:00000034       __imp__HeapCreate@12       10007034     kernel32:KERNEL32.dll
 0002:00000038       __imp__HeapAlloc@12        10007038     kernel32:KERNEL32.dll
 0002:0000003c       __imp__HeapReAlloc@16      1000703c     kernel32:KERNEL32.dll
 0002:00000040       __imp__HeapFree@12         10007040     kernel32:KERNEL32.dll
 0002:00000044       __imp__Sleep@4             10007044     kernel32:KERNEL32.dll
 0002:00000048       __imp__GetCurrentProcess@0 10007048     kernel32:KERNEL32.dll
 0002:0000004c       __imp__GetCurrentProcessId@0 1000704c     kernel32:KERNEL32.dll
 0002:00000050       __imp__GetCurrentThreadId@0 10007050     kernel32:KERNEL32.dll
 0002:00000054       __imp__OpenThread@12       10007054     kernel32:KERNEL32.dll
 0002:00000058       __imp__SuspendThread@4     10007058     kernel32:KERNEL32.dll
 0002:0000005c       __imp__ResumeThread@4      1000705c     kernel32:KERNEL32.dll
 0002:00000060       __imp__GetThreadContext@8  10007060     kernel32:KERNEL32.dll
 0002:00000064       __imp__SetThreadContext@8  10007064     kernel32:KERNEL32.dll
 0002:00000068       __imp__FlushInstructionCache@12 10007068     kernel32:KERNEL32.dll
 0002:0000006c       __imp__VirtualProtect@16   1000706c     kernel32:KERNEL32.dll
 0002:00000070       __imp__CreateToolhelp32Snapshot@8 10007070     kernel32:KERNEL32.dll
 0002:00000074       __imp__Thread32First@8     10007074     kernel32:KERNEL32.dll
 0002:00000078       __imp__Thread32Next@8      10007078     kernel32:KERNEL32.dll
 0002:0000007c       __imp__VirtualAlloc@16     1000707c     kernel32:KERNEL32.dll
 0002:00000080       __imp__VirtualFree@12      10007080     kernel32:KERNEL32.dll
 0002:00000084       __imp__VirtualQuery@12     10007084     kernel32:KERNEL32.dll
 0002:00000088       __imp__GetTickCount64@0    10007088     kernel32:KERNEL32.dll
 0002:0000008c       __imp__SleepConditionVariableSRW@16 1000708c     kernel32:KERNEL32.dll
 0002:00000090       \177KERNEL32_NULL_THUNK_DATA 10007090     kernel32:KERNEL32.dll
 0002:00000094       __imp___Mtx_unlock         10007094     msvcprt:MSVCP140.dll
 0002:00000098       __imp___Cnd_init_in_situ   10007098     msvcprt:MSVCP140.dll
 0002:0000009c       __imp___Cnd_destroy_in_situ 1000709c     msvcprt:MSVCP140.dll
 0002:000000a0       __imp___Cnd_broadcast      100070a0     msvcprt:MSVCP140.dll
 0002:000000a4       __imp___Cnd_do_broadcast_at_thread_exit 100070a4     msvcprt:MSVCP140.dll
 0002:000000a8       __imp_?_Throw_Cpp_error@std@@YAXH@Z 100070a8     msvcprt:MSVCP140.dll
 0002:000000ac       __imp_?_Xinvalid_argument@std@@YAXPBD@Z 100070ac     msvcprt:MSVCP140.dll
 0002:000000b0       __imp___Mtx_lock           100070b0     msvcprt:MSVCP140.dll
 0002:000000b4       __imp_?_Xout_of_range@std@@YAXPBD@Z 100070b4     msvcprt:MSVCP140.dll
 0002:000000b8       __imp_?_Xbad_function_call@std@@YAXXZ 100070b8     msvcprt:MSVCP140.dll
 0002:000000bc       __imp___Thrd_join          100070bc     msvcprt:MSVCP140.dll
 0002:000000c0       __imp___Thrd_detach        100070c0     msvcprt:MSVCP140.dll
 0002:000000c4       __imp___Query_perf_frequency 100070c4     msvcprt:MSVCP140.dll
 0002:000000c8       __imp___Query_perf_counter 100070c8     msvcprt:MSVCP140.dll
 0002:000000cc       __imp_?_Xlength_error@std@@YAXPBD@Z 100070cc     msvcprt:MSVCP140.dll
 0002:000000d0       __imp___Thrd_id            100070d0     msvcprt:MSVCP140.dll
 0002:000000d4       \177MSVCP140_NULL_THUNK_DATA 100070d4     msvcprt:MSVCP140.dll
 0002:000000d8       __imp__wsprintfA           100070d8     user32:USER32.dll
 0002:000000dc       \177USER32_NULL_THUNK_DATA 100070dc     user32:USER32.dll
 0002:000000e0       __imp___except_handler4_common 100070e0     vcruntime:VCRUNTIME140.dll
 0002:000000e4       __imp____std_type_info_destroy_list 100070e4     vcruntime:VCRUNTIME140.dll
 0002:000000e8       __imp__memset              100070e8     vcruntime:VCRUNTIME140.dll
 0002:000000ec       __imp___CxxThrowException@8 100070ec     vcruntime:VCRUNTIME140.dll
 0002:000000f0       __imp____std_exception_destroy 100070f0     vcruntime:VCRUNTIME140.dll
 0002:000000f4       __imp____std_exception_copy 100070f4     vcruntime:VCRUNTIME140.dll
 0002:000000f8       __imp__memchr              100070f8     vcruntime:VCRUNTIME140.dll
 0002:000000fc       __imp__memmove             100070fc     vcruntime:VCRUNTIME140.dll
 0002:00000100       __imp____CxxFrameHandler3  10007100     vcruntime:VCRUNTIME140.dll
 0002:00000104       __imp__memcpy              10007104     vcruntime:VCRUNTIME140.dll
 0002:00000108       \177VCRUNTIME140_NULL_THUNK_DATA 10007108     vcruntime:VCRUNTIME140.dll
 0002:0000010c       __imp__socket@12           1000710c     ws2_32:WS2_32.dll
 0002:00000110       __imp__recv@16             10007110     ws2_32:WS2_32.dll
 0002:00000114       __imp__htons@4             10007114     ws2_32:WS2_32.dll
 0002:00000118       __imp__connect@12          10007118     ws2_32:WS2_32.dll
 0002:0000011c       __imp__WSAStartup@8        1000711c     ws2_32:WS2_32.dll
 0002:00000120       __imp__send@16             10007120     ws2_32:WS2_32.dll
 0002:00000124       __imp__inet_pton@12        10007124     ws2_32:WS2_32.dll
 0002:00000128       __imp__closesocket@4       10007128     ws2_32:WS2_32.dll
 0002:0000012c       \177WS2_32_NULL_THUNK_DATA 1000712c     ws2_32:WS2_32.dll
 0002:00000130       __imp__strtol              10007130     ucrt:api-ms-win-crt-convert-l1-1-0.dll
 0002:00000134       \177api-ms-win-crt-convert-l1-1-0_NULL_THUNK_DATA 10007134     ucrt:api-ms-win-crt-convert-l1-1-0.dll
 0002:00000138       __imp__free                10007138     ucrt:api-ms-win-crt-heap-l1-1-0.dll
 0002:0000013c       __imp__malloc              1000713c     ucrt:api-ms-win-crt-heap-l1-1-0.dll
 0002:00000140       __imp___callnewh           10007140     ucrt:api-ms-win-crt-heap-l1-1-0.dll
 0002:00000144       \177api-ms-win-crt-heap-l1-1-0_NULL_THUNK_DATA 10007144     ucrt:api-ms-win-crt-heap-l1-1-0.dll
 0002:00000148       __imp___crt_atexit         10007148     ucrt:api-ms-win-crt-runtime-l1-1-0.dll
 0002:0000014c       __imp___register_onexit_function 1000714c     ucrt:api-ms-win-crt-runtime-l1-1-0.dll
 0002:00000150       __imp___initialize_onexit_table 10007150     ucrt:api-ms-win-crt-runtime-l1-1-0.dll
 0002:00000154       __imp___initialize_narrow_environment 10007154     ucrt:api-ms-win-crt-runtime-l1-1-0.dll
 0002:00000158       __imp___configure_narrow_argv 10007158     ucrt:api-ms-win-crt-runtime-l1-1-0.dll
 0002:0000015c       __imp___seh_filter_dll     1000715c     ucrt:api-ms-win-crt-runtime-l1-1-0.dll
 0002:00000160       __imp___invalid_parameter_noinfo_noreturn 10007160     ucrt:api-ms-win-crt-runtime-l1-1-0.dll
 0002:00000164       __imp___initterm_e         10007164     ucrt:api-ms-win-crt-runtime-l1-1-0.dll
 0002:00000168       __imp___execute_onexit_table 10007168     ucrt:api-ms-win-crt-runtime-l1-1-0.dll
 0002:0000016c       __imp___beginthreadex      1000716c     ucrt:api-ms-win-crt-runtime-l1-1-0.dll
 0002:00000170       __imp__terminate           10007170     ucrt:api-ms-win-crt-runtime-l1-1-0.dll
 0002:00000174       __imp___initterm           10007174     ucrt:api-ms-win-crt-runtime-l1-1-0.dll
 0002:00000178       __imp___errno              10007178     ucrt:api-ms-win-crt-runtime-l1-1-0.dll
 0002:0000017c       __imp___cexit              1000717c     ucrt:api-ms-win-crt-runtime-l1-1-0.dll
 0002:00000180       \177api-ms-win-crt-runtime-l1-1-0_NULL_THUNK_DATA 10007180     ucrt:api-ms-win-crt-runtime-l1-1-0.dll
 0002:00000184       ___guard_check_icall_fptr  10007184     MSVCRT:guard_support.obj
 0002:00000188       ___castguard_check_failure_os_handled_fptr 10007188     MSVCRT:guard_support.obj
 0002:0000018c       ___xc_a                    1000718c     MSVCRT:initializers.obj
 0002:0000019c       ___xc_z                    1000719c     MSVCRT:initializers.obj
 0002:000001a0       ___xi_a                    100071a0     MSVCRT:initializers.obj
 0002:000001a4       ___xi_z                    100071a4     MSVCRT:initializers.obj
 0002:000001a8       ___xp_a                    100071a8     MSVCRT:initializers.obj
 0002:000001ac       ___xp_z                    100071ac     MSVCRT:initializers.obj
 0002:000001b0       ___xt_a                    100071b0     MSVCRT:initializers.obj
 0002:000001b4       ___xt_z                    100071b4     MSVCRT:initializers.obj
 0002:000001bc       ??_7exception@std@@6B@     100071bc     ipc.obj
 0002:000001c4       ??_C@_0BC@EOODALEL@Unknown?5exception@ 100071c4     ipc.obj
 0002:000001dc       ??_7bad_alloc@std@@6B@     100071dc     ipc.obj
 0002:000001e8       ??_7bad_array_new_length@std@@6B@ 100071e8     ipc.obj
 0002:000001f0       ??_C@_0BF@KINCDENJ@bad?5array?5new?5length@ 100071f0     ipc.obj
 0002:00000208       ??_C@_0BA@JFNIOLAK@string?5too?5long@ 10007208     ipc.obj
 0002:00000218       ??_C@_0BG@HGEDEDEC@invalid?5stoi?5argument@ 10007218     ipc.obj
 0002:00000230       ??_C@_0BL@MFFNMGGC@stoi?5argument?5out?5of?5range@ 10007230     ipc.obj
 0002:0000024c       ??_C@_0N@FICICPFD@ALLOWED_MAX?5@ 1000724c     ipc.obj
 0002:0000025c       ??_C@_09PFCHIMEP@127?40?40?41@ 1000725c     ipc.obj
 0002:00000268       ??_C@_0BI@CFPLBAOH@invalid?5string?5position@ 10007268     ipc.obj
 0002:00000280       ??_C@_0BC@KBDMBKEH@deque?$DMT?$DO?5too?5long@ 10007280     ipc.obj
 0002:00000294       ??_C@_0BA@GIPIIFMC@LEVEL_COMPLETE?5@ 10007294     boundary_gate.obj
 0002:000002b0       ??_C@_0DA@MIOEINHA@player_fish?5captured?3?50x?$CF08X?5su@ 100072b0     level_guard.obj
 0002:000002e4       ??_7type_info@@6B@         100072e4     MSVCRT:std_type_info_static.obj
 0002:000002e8       __pDefaultRawDllMain       100072e8     MSVCRT:dll_dllmain.obj
 0002:000002e8       __pRawDllMain              100072e8     MSVCRT:dll_dllmain.obj
 0002:000002ec       ??_C@_0P@GHFPNOJB@bad?5allocation@ 100072ec     MSVCRT:throw_bad_alloc.obj
 0002:00000308       __load_config_used         10007308     MSVCRT:loadcfg.obj
 0002:00000400       ??_R4exception@std@@6B@    10007400     ipc.obj
 0002:00000414       ??_R3exception@std@@8      10007414     ipc.obj
 0002:00000424       ??_R2exception@std@@8      10007424     ipc.obj
 0002:0000042c       ??_R1A@?0A@EA@exception@std@@8 1000742c     ipc.obj
 0002:00000448       ??_R4bad_array_new_length@std@@6B@ 10007448     ipc.obj
 0002:0000045c       ??_R3bad_array_new_length@std@@8 1000745c     ipc.obj
 0002:0000046c       ??_R2bad_array_new_length@std@@8 1000746c     ipc.obj
 0002:0000047c       ??_R1A@?0A@EA@bad_array_new_length@std@@8 1000747c     ipc.obj
 0002:00000498       ??_R1A@?0A@EA@bad_alloc@std@@8 10007498     ipc.obj
 0002:000004b4       ??_R3bad_alloc@std@@8      100074b4     ipc.obj
 0002:000004c4       ??_R2bad_alloc@std@@8      100074c4     ipc.obj
 0002:000004d0       ??_R4bad_alloc@std@@6B@    100074d0     ipc.obj
 0002:000004e4       ??_R4type_info@@6B@        100074e4     MSVCRT:std_type_info_static.obj
 0002:000004f8       ??_R3type_info@@8          100074f8     MSVCRT:std_type_info_static.obj
 0002:00000508       ??_R2type_info@@8          10007508     MSVCRT:std_type_info_static.obj
 0002:00000510       ??_R1A@?0A@EA@type_info@@8 10007510     MSVCRT:std_type_info_static.obj
 0002:0000052c       ___safe_se_handler_table   1000752c     <linker-defined>
 0002:00000558       ___volatile_metadata       10007558     <linker-defined>
 0002:000008ec       ___rtc_iaa                 100078ec     MSVCRT:initsect.obj
 0002:000008f0       ___rtc_izz                 100078f0     MSVCRT:initsect.obj
 0002:000008f4       ___rtc_taa                 100078f4     MSVCRT:initsect.obj
 0002:000008f8       ___rtc_tzz                 100078f8     MSVCRT:initsect.obj
 0002:00000abc       __CT??_R0?AVexception@std@@@8??0exception@std@@QAE@ABV01@@Z12 10007abc     ipc.obj
 0002:00000ad8       __TI3?AVbad_array_new_length@std@@ 10007ad8     ipc.obj
 0002:00000ae8       __CTA3?AVbad_array_new_length@std@@ 10007ae8     ipc.obj
 0002:00000af8       __CT??_R0?AVbad_array_new_length@std@@@8??0bad_array_new_length@std@@QAE@ABV01@@Z12 10007af8     ipc.obj
 0002:00000b14       __CT??_R0?AVbad_alloc@std@@@8??0bad_alloc@std@@QAE@ABV01@@Z12 10007b14     ipc.obj
 0002:00000c24       __TI2?AVbad_alloc@std@@    10007c24     MSVCRT:throw_bad_alloc.obj
 0002:00000c34       __CTA2?AVbad_alloc@std@@   10007c34     MSVCRT:throw_bad_alloc.obj
 0002:00000c40       __IMPORT_DESCRIPTOR_WS2_32 10007c40     ws2_32:WS2_32.dll
 0002:00000c54       __IMPORT_DESCRIPTOR_KERNEL32 10007c54     kernel32:KERNEL32.dll
 0002:00000c68       __IMPORT_DESCRIPTOR_USER32 10007c68     user32:USER32.dll
 0002:00000c7c       __IMPORT_DESCRIPTOR_MSVCP140 10007c7c     msvcprt:MSVCP140.dll
 0002:00000c90       __IMPORT_DESCRIPTOR_VCRUNTIME140 10007c90     vcruntime:VCRUNTIME140.dll
 0002:00000ca4       __IMPORT_DESCRIPTOR_api-ms-win-crt-runtime-l1-1-0 10007ca4     ucrt:api-ms-win-crt-runtime-l1-1-0.dll
 0002:00000cb8       __IMPORT_DESCRIPTOR_api-ms-win-crt-convert-l1-1-0 10007cb8     ucrt:api-ms-win-crt-convert-l1-1-0.dll
 0002:00000ccc       __IMPORT_DESCRIPTOR_api-ms-win-crt-heap-l1-1-0 10007ccc     ucrt:api-ms-win-crt-heap-l1-1-0.dll
 0002:00000ce0       __NULL_IMPORT_DESCRIPTOR   10007ce0     ws2_32:WS2_32.dll
 0003:00000000       ?g_allowed_max@ipc@@3U?$atomic@H@std@@A 10009000     ipc.obj
 0003:00000038       _hde32_table               10009038     minhook.x32:hde32.obj
 0003:0000023c       ___scrt_native_dllmain_reason 1000923c     MSVCRT:utility.obj
 0003:00000240       ___security_cookie         10009240     MSVCRT:gs_cookie.obj
 0003:00000280       ___security_cookie_complement 10009280     MSVCRT:gs_cookie.obj
 0003:00000288       ___isa_inverted            10009288     MSVCRT:cpu_disp.obj
 0003:00000290       ___isa_enabled             10009290     MSVCRT:cpu_disp.obj
 0003:000002a0       ___scrt_ucrt_dll_is_in_use 100092a0     MSVCRT:ucrt_stubs.obj
 0003:000002a4       ??_R0?AVexception@std@@@8  100092a4     ipc.obj
 0003:000002c0       ??_R0?AVbad_array_new_length@std@@@8 100092c0     ipc.obj
 0003:000002e8       ??_R0?AVbad_alloc@std@@@8  100092e8     ipc.obj
 0003:00000304       ??_R0?AVtype_info@@@8      10009304     MSVCRT:std_type_info_static.obj
 0003:00000368       ?g_level_obj@state@@3HC    10009368     state.obj
 0003:0000036c       ?g_player_fish@state@@3HC  1000936c     state.obj
 0003:00000370       ?g_sub_object@state@@3HC   10009370     state.obj
 0003:00000374       ?g_boss_hp_addr@state@@3HC 10009374     state.obj
 0003:0000039c       ___scrt_current_native_startup_state 1000939c     MSVCRT:utility.obj
 0003:000003a0       ___scrt_native_startup_lock 100093a0     MSVCRT:utility.obj
 0003:000003c4       ___avx10_version           100093c4     MSVCRT:cpu_disp.obj
 0003:000003c8       ___isa_available           100093c8     MSVCRT:cpu_disp.obj
 0003:000003cc       ___favor                   100093cc     MSVCRT:cpu_disp.obj
 0003:000003d0       ___scrt_debugger_hook_flag 100093d0     MSVCRT:utility_desktop.obj
 0003:000006f8       ?__type_info_root_node@@3U__type_info_node@@A 100096f8     MSVCRT:tncleanup.obj
 0003:00000700       ?_OptionsStorage@?1??__local_stdio_printf_options@@9@4_KA 10009700     MSVCRT:default_local_stdio_options.obj
 0003:00000708       ?_OptionsStorage@?1??__local_stdio_scanf_options@@9@4_KA 10009708     MSVCRT:default_local_stdio_options.obj
 0003:00000710       ___dyn_tls_init_callback   10009710     <common>

 entry point at        0001:000045a7

 Static symbols

 0001:00000000       ??__Eg_handlers@?A0x53e96e7a@ipc@@YAXXZ 10001000 f   ipc.obj
 0001:00000010       ??__Eg_send_cv@?A0x53e96e7a@ipc@@YAXXZ 10001010 f   ipc.obj
 0001:00000030       ??__Eg_send_queue@?A0x53e96e7a@ipc@@YAXXZ 10001030 f   ipc.obj
 0001:00000060       ?WorkerThread@?A0xb251b831@@YGKPAX@Z 10001060 f   dllmain.obj
 0001:00000640       ?ConnectLoop@?A0x53e96e7a@ipc@@YAXXZ 10001640 f   ipc.obj
 0001:00000890       ?FlushSendQueue@?A0x53e96e7a@ipc@@YAXI@Z 10001890 f   ipc.obj
 0001:00000ba0       ?HandleLine@?A0x53e96e7a@ipc@@YAXABV?$basic_string@DU?$char_traits@D@std@@V?$allocator@D@2@@std@@@Z 10001ba0 f   ipc.obj
 0001:00000d2f       __catch$?HandleLine@?A0x53e96e7a@ipc@@YAXABV?$basic_string@DU?$char_traits@D@std@@V?$allocator@D@2@@std@@@Z$0 10001d2f f   ipc.obj
 0001:00001180       ?RunConnection@?A0x53e96e7a@ipc@@YAXXZ 10002180 f   ipc.obj
 0001:000016e0       ?SenderThread@?A0x53e96e7a@ipc@@YAXIAAU?$atomic@_N@std@@@Z 100026e0 f   ipc.obj
 0001:00001da0       ?Detour_UpdateMaxStage@?A0x425a29a9@hooks@@YAXXZ 10002da0 f   boundary_gate.obj
 0001:00002130       ?Detour_LevelInit@?A0x7bfb7c99@hooks@@YAXXZ 10003130 f   level_guard.obj
 0001:00002230       ?PollLoop@?A0x7bfb7c99@hooks@@YAXXZ 10003230 f   level_guard.obj
 0001:00002700       ?Detour_PlayerFishEntry@?A0x5dd69b6e@hooks@@YAXXZ 10003700 f   player_fish.obj
 0001:00002760       _EnableAllHooksLL          10003760 f   minhook.x32:hook.obj
 0001:00002820       _EnableHook                10003820 f   minhook.x32:hook.obj
 0001:000028e0       _EnableHookLL              100038e0 f   minhook.x32:hook.obj
 0001:000029c0       _EnterSpinLock             100039c0 f   minhook.x32:hook.obj
 0001:00002a10       _FindHookEntry             10003a10 f   minhook.x32:hook.obj
 0001:00002a50       _Freeze                    10003a50 f   minhook.x32:hook.obj
 0001:00002ea0       _ProcessThreadIPs          10003ea0 f   minhook.x32:hook.obj
 0001:00003010       _Unfreeze                  10004010 f   minhook.x32:hook.obj
 0001:000034a0       _IsCodePadding             100044a0 f   minhook.x32:trampoline.obj
 0001:00003a68       $LN150                     10004a68     minhook.x32:hde32.obj
 0001:00003a84       $LN149                     10004a84     minhook.x32:hde32.obj
 0001:00003b54       $LN151                     10004b54     minhook.x32:hde32.obj
 0001:00003b64       $LN153                     10004b64     minhook.x32:hde32.obj
 0001:00003b74       $LN152                     10004b74     minhook.x32:hde32.obj
 0001:00003d53       ?find_pe_section@@YAPAU_IMAGE_SECTION_HEADER@@QAEI@Z 10004d53 f   MSVCRT:utility.obj
 0001:00004080       $$000000                   10005080     MSVCRT:lldiv.obj
 0001:000040a1       L1                         100050a1     MSVCRT:lldiv.obj
 0001:000040bd       L2                         100050bd     MSVCRT:lldiv.obj
 0001:000040d9       L3                         100050d9     MSVCRT:lldiv.obj
 0001:000040e7       L5                         100050e7     MSVCRT:lldiv.obj
 0001:00004115       L6                         10005115     MSVCRT:lldiv.obj
 0001:00004116       L7                         10005116     MSVCRT:lldiv.obj
 0001:0000411a       L4                         1000511a     MSVCRT:lldiv.obj
 0001:00004124       L8                         10005124     MSVCRT:lldiv.obj
 0001:00004130       $$000000                   10005130     MSVCRT:lldvrm.obj
 0001:00004154       L1                         10005154     MSVCRT:lldvrm.obj
 0001:00004170       L2                         10005170     MSVCRT:lldvrm.obj
 0001:0000419c       L3                         1000519c     MSVCRT:lldvrm.obj
 0001:000041aa       L5                         100051aa     MSVCRT:lldvrm.obj
 0001:000041d8       L6                         100051d8     MSVCRT:lldvrm.obj
 0001:000041e1       L7                         100051e1     MSVCRT:lldvrm.obj
 0001:000041e3       L4                         100051e3     MSVCRT:lldvrm.obj
 0001:000041f5       L9                         100051f5     MSVCRT:lldvrm.obj
 0001:00004209       L8                         10005209     MSVCRT:lldvrm.obj
 0001:00004210       $$000000                   10005210     MSVCRT:llmul.obj
 0001:00004229       hard                       10005229     MSVCRT:llmul.obj
 0001:00004267       ?dllmain_crt_dispatch@@YGHQAUHINSTANCE__@@KQAX@Z 10005267 f   MSVCRT:dll_dllmain.obj
 0001:000042ba       ?dllmain_crt_process_attach@@YAHQAUHINSTANCE__@@QAX@Z 100052ba f   MSVCRT:dll_dllmain.obj
 0001:000043c1       ?dllmain_crt_process_detach@@YAH_N@Z 100053c1 f   MSVCRT:dll_dllmain.obj
 0001:00004471       ?dllmain_dispatch@@YAHQAUHINSTANCE__@@KQAX@Z 10005471 f   MSVCRT:dll_dllmain.obj
 0001:0000457c       ?dllmain_raw@@YGHQAUHINSTANCE__@@KQAX@Z 1000557c f   MSVCRT:dll_dllmain.obj
 0001:00004a60       $$000000                   10005a60     MSVCRT:sehprolg4.obj
 0001:00004bf7       ___get_entropy             10005bf7 f   MSVCRT:gs_support.obj
 0001:00004e40       __ehhandler$??$_Invoke@V?$tuple@P6AXIAAU?$atomic@_N@std@@@ZIV?$reference_wrapper@U?$atomic@_N@std@@@2@@std@@$0A@$00$01@thread@std@@CGIPAX@Z 10005e40 f   ipc.obj
 0001:00004e40       __ehhandler$??$_Invoke@V?$tuple@P6AXXZ@std@@$0A@@thread@std@@CGIPAX@Z 10005e40 f   ipc.obj
 0001:00004e60       __unwindfunclet$?FlushSendQueue@?A0x53e96e7a@ipc@@YAXI@Z$0 10005e60 f   ipc.obj
 0001:00004e68       __unwindfunclet$?FlushSendQueue@?A0x53e96e7a@ipc@@YAXI@Z$1 10005e68 f   ipc.obj
 0001:00004e75       __ehhandler$?FlushSendQueue@?A0x53e96e7a@ipc@@YAXI@Z 10005e75 f   ipc.obj
 0001:00004ea0       __unwindfunclet$?HandleLine@?A0x53e96e7a@ipc@@YAXABV?$basic_string@DU?$char_traits@D@std@@V?$allocator@D@2@@std@@@Z$2 10005ea0 f   ipc.obj
 0001:00004ead       __ehhandler$?HandleLine@?A0x53e96e7a@ipc@@YAXABV?$basic_string@DU?$char_traits@D@std@@V?$allocator@D@2@@std@@@Z 10005ead f   ipc.obj
 0001:00004ee0       __unwindfunclet$?Init@ipc@@YAXXZ$1 10005ee0 f   ipc.obj
 0001:00004ee8       __unwindfunclet$?Init@ipc@@YAXXZ$0 10005ee8 f   ipc.obj
 0001:00004ef5       __ehhandler$?Init@ipc@@YAXXZ 10005ef5 f   ipc.obj
 0001:00004f20       __unwindfunclet$?Log@ipc@@YAXABV?$basic_string@DU?$char_traits@D@std@@V?$allocator@D@2@@std@@@Z$0 10005f20 f   ipc.obj
 0001:00004f28       __unwindfunclet$?Log@ipc@@YAXABV?$basic_string@DU?$char_traits@D@std@@V?$allocator@D@2@@std@@@Z$4 10005f28 f   ipc.obj
 0001:00004f35       __ehhandler$?Log@ipc@@YAXABV?$basic_string@DU?$char_traits@D@std@@V?$allocator@D@2@@std@@@Z 10005f35 f   ipc.obj
 0001:00004f60       __unwindfunclet$?QueueSend@ipc@@YAXABV?$basic_string@DU?$char_traits@D@std@@V?$allocator@D@2@@std@@@Z$0 10005f60 f   ipc.obj
 0001:00004f6d       __ehhandler$?QueueSend@ipc@@YAXABV?$basic_string@DU?$char_traits@D@std@@V?$allocator@D@2@@std@@@Z 10005f6d f   ipc.obj
 0001:00004f90       __unwindfunclet$?RunConnection@?A0x53e96e7a@ipc@@YAXXZ$8 10005f90 f   ipc.obj
 0001:00004f9b       __unwindfunclet$?RunConnection@?A0x53e96e7a@ipc@@YAXXZ$0 10005f9b f   ipc.obj
 0001:00004fa6       __unwindfunclet$?RunConnection@?A0x53e96e7a@ipc@@YAXXZ$1 10005fa6 f   ipc.obj
 0001:00004fb1       __unwindfunclet$?RunConnection@?A0x53e96e7a@ipc@@YAXXZ$2 10005fb1 f   ipc.obj
 0001:00004fc1       __ehhandler$?RunConnection@?A0x53e96e7a@ipc@@YAXXZ 10005fc1 f   ipc.obj
 0001:00004ff0       __unwindfunclet$?SenderThread@?A0x53e96e7a@ipc@@YAXIAAU?$atomic@_N@std@@@Z$0 10005ff0 f   ipc.obj
 0001:00004ffd       __ehhandler$?SenderThread@?A0x53e96e7a@ipc@@YAXIAAU?$atomic@_N@std@@@Z 10005ffd f   ipc.obj
 0001:00005020       __unwindfunclet$?InstallLevelGuard@hooks@@YA_NXZ$1 10006020 f   level_guard.obj
 0001:00005028       __unwindfunclet$?InstallLevelGuard@hooks@@YA_NXZ$0 10006028 f   level_guard.obj
 0001:00005035       __ehhandler$?InstallLevelGuard@hooks@@YA_NXZ 10006035 f   level_guard.obj
 0001:00005060       __unwindfunclet$?PollLoop@?A0x7bfb7c99@hooks@@YAXXZ$0 10006060 f   level_guard.obj
 0001:0000506b       __unwindfunclet$?PollLoop@?A0x7bfb7c99@hooks@@YAXXZ$1 1000606b f   level_guard.obj
 0001:00005076       __unwindfunclet$?PollLoop@?A0x7bfb7c99@hooks@@YAXXZ$2 10006076 f   level_guard.obj
 0001:00005086       __ehhandler$?PollLoop@?A0x7bfb7c99@hooks@@YAXXZ 10006086 f   level_guard.obj
 0001:000050b0       ??__Fg_handlers@?A0x53e96e7a@ipc@@YAXXZ 100060b0 f   ipc.obj
 0001:00005150       ??__Fg_send_cv@?A0x53e96e7a@ipc@@YAXXZ 10006150 f   ipc.obj
 0001:00005160       ??__Fg_send_queue@?A0x53e96e7a@ipc@@YAXXZ 10006160 f   ipc.obj
 0002:00000190       ?g_send_cv$initializer$@?A0x53e96e7a@ipc@@3P6AXXZA 10007190     ipc.obj
 0002:00000194       ?g_send_queue$initializer$@?A0x53e96e7a@ipc@@3P6AXXZA 10007194     ipc.obj
 0002:00000198       ?g_handlers$initializer$@?A0x53e96e7a@ipc@@3P6AXXZA 10007198     ipc.obj
 0002:000002a8       ?kPollInterval@?A0x7bfb7c99@hooks@@3V?$duration@_JU?$ratio@$00$0DOI@@std@@@chrono@std@@B 100072a8     level_guard.obj
 0002:000002fc       _GS_ExceptionPointers      100072fc     MSVCRT:gs_report.obj
 0002:00000900       __unwindtable$?Init@ipc@@YAXXZ 10007900     ipc.obj
 0002:00000910       __ehfuncinfo$?Init@ipc@@YAXXZ 10007910     ipc.obj
 0002:00000934       __unwindtable$?QueueSend@ipc@@YAXABV?$basic_string@DU?$char_traits@D@std@@V?$allocator@D@2@@std@@@Z 10007934     ipc.obj
 0002:0000093c       __ehfuncinfo$?QueueSend@ipc@@YAXABV?$basic_string@DU?$char_traits@D@std@@V?$allocator@D@2@@std@@@Z 1000793c     ipc.obj
 0002:00000960       __unwindtable$?Log@ipc@@YAXABV?$basic_string@DU?$char_traits@D@std@@V?$allocator@D@2@@std@@@Z 10007960     ipc.obj
 0002:00000970       __ehfuncinfo$?Log@ipc@@YAXABV?$basic_string@DU?$char_traits@D@std@@V?$allocator@D@2@@std@@@Z 10007970     ipc.obj
 0002:00000994       __catchsym$?HandleLine@?A0x53e96e7a@ipc@@YAXABV?$basic_string@DU?$char_traits@D@std@@V?$allocator@D@2@@std@@@Z$7 10007994     ipc.obj
 0002:000009a4       __tryblocktable$?HandleLine@?A0x53e96e7a@ipc@@YAXABV?$basic_string@DU?$char_traits@D@std@@V?$allocator@D@2@@std@@@Z 100079a4     ipc.obj
 0002:000009b8       __unwindtable$?HandleLine@?A0x53e96e7a@ipc@@YAXABV?$basic_string@DU?$char_traits@D@std@@V?$allocator@D@2@@std@@@Z 100079b8     ipc.obj
 0002:000009d0       __ehfuncinfo$?HandleLine@?A0x53e96e7a@ipc@@YAXABV?$basic_string@DU?$char_traits@D@std@@V?$allocator@D@2@@std@@@Z 100079d0     ipc.obj
 0002:000009f4       __unwindtable$?FlushSendQueue@?A0x53e96e7a@ipc@@YAXI@Z 100079f4     ipc.obj
 0002:00000a04       __ehfuncinfo$?FlushSendQueue@?A0x53e96e7a@ipc@@YAXI@Z 10007a04     ipc.obj
 0002:00000a28       __unwindtable$?SenderThread@?A0x53e96e7a@ipc@@YAXIAAU?$atomic@_N@std@@@Z 10007a28     ipc.obj
 0002:00000a30       __ehfuncinfo$?SenderThread@?A0x53e96e7a@ipc@@YAXIAAU?$atomic@_N@std@@@Z 10007a30     ipc.obj
 0002:00000a54       __unwindtable$?RunConnection@?A0x53e96e7a@ipc@@YAXXZ 10007a54     ipc.obj
 0002:00000a74       __ehfuncinfo$?RunConnection@?A0x53e96e7a@ipc@@YAXXZ 10007a74     ipc.obj
 0002:00000a98       __ehfuncinfo$??$_Invoke@V?$tuple@P6AXIAAU?$atomic@_N@std@@@ZIV?$reference_wrapper@U?$atomic@_N@std@@@2@@std@@$0A@$00$01@thread@std@@CGIPAX@Z 10007a98     ipc.obj
 0002:00000a98       __ehfuncinfo$??$_Invoke@V?$tuple@P6AXXZ@std@@$0A@@thread@std@@CGIPAX@Z 10007a98     ipc.obj
 0002:00000b30       __unwindtable$?InstallLevelGuard@hooks@@YA_NXZ 10007b30     level_guard.obj
 0002:00000b40       __ehfuncinfo$?InstallLevelGuard@hooks@@YA_NXZ 10007b40     level_guard.obj
 0002:00000b64       __unwindtable$?PollLoop@?A0x7bfb7c99@hooks@@YAXXZ 10007b64     level_guard.obj
 0002:00000b7c       __ehfuncinfo$?PollLoop@?A0x7bfb7c99@hooks@@YAXXZ 10007b7c     level_guard.obj
 0002:00000ba0       __sehtable$___scrt_is_nonwritable_in_current_image 10007ba0     MSVCRT:utility.obj
 0002:00000bc0       __sehtable$?dllmain_crt_process_attach@@YAHQAUHINSTANCE__@@QAX@Z 10007bc0     MSVCRT:dll_dllmain.obj
 0002:00000be0       __sehtable$?dllmain_crt_process_detach@@YAH_N@Z 10007be0     MSVCRT:dll_dllmain.obj
 0002:00000c08       __sehtable$?dllmain_dispatch@@YAHQAUHINSTANCE__@@KQAX@Z 10007c08     MSVCRT:dll_dllmain.obj
 0002:00000e84       .idata$6                   10007e84     ws2_32:WS2_32.dll
 0002:00001054       .idata$6                   10008054     kernel32:KERNEL32.dll
 0002:0000106e       .idata$6                   1000806e     user32:USER32.dll
 0002:000011f4       .idata$6                   100081f4     msvcprt:MSVCP140.dll
 0002:000012c2       .idata$6                   100082c2     vcruntime:VCRUNTIME140.dll
 0002:0000141a       .idata$6                   1000841a     ucrt:api-ms-win-crt-runtime-l1-1-0.dll
 0002:0000143c       .idata$6                   1000843c     ucrt:api-ms-win-crt-convert-l1-1-0.dll
 0002:0000145e       .idata$6                   1000845e     ucrt:api-ms-win-crt-heap-l1-1-0.dll
 0003:00000004       ?g_send_mutex@?A0x53e96e7a@ipc@@3Vmutex@std@@A 10009004     ipc.obj
 0003:00000320       ?g_handlers@?A0x53e96e7a@ipc@@3V?$vector@V?$function@$$A6AXABV?$basic_string@DU?$char_traits@D@std@@V?$allocator@D@2@@std@@@Z@std@@V?$allocator@V?$function@$$A6AXABV?$basic_string@DU?$char_traits@D@std@@V?$allocator@D@2@@std@@@Z@std@@@2@@std@@A 10009320     ipc.obj
 0003:0000032c       ?g_send_queue@?A0x53e96e7a@ipc@@3V?$deque@V?$basic_string@DU?$char_traits@D@std@@V?$allocator@D@2@@std@@V?$allocator@V?$basic_string@DU?$char_traits@D@std@@V?$allocator@D@2@@std@@@2@@std@@A 1000932c     ipc.obj
 0003:00000340       ?g_send_cv@?A0x53e96e7a@ipc@@3Vcondition_variable@std@@A 10009340     ipc.obj
 0003:00000378       ?g_original@?A0x425a29a9@hooks@@3PAXA 10009378     boundary_gate.obj
 0003:0000037c       ?g_original@?A0x7bfb7c99@hooks@@3PAXA 1000937c     level_guard.obj
 0003:00000380       ?g_original@?A0x5dd69b6e@hooks@@3PAXA 10009380     player_fish.obj
 0003:00000384       _g_isLocked                10009384     minhook.x32:hook.obj
 0003:00000388       _g_hHeap                   10009388     minhook.x32:hook.obj
 0003:0000038c       _g_hooks                   1000938c     minhook.x32:hook.obj
 0003:00000398       _g_pMemoryBlocks           10009398     minhook.x32:buffer.obj
 0003:000003a4       ?is_initialized_as_dll@@3_NA 100093a4     MSVCRT:utility.obj
 0003:000003a5       ?module_local_atexit_table_initialized@@3_NA 100093a5     MSVCRT:utility.obj
 0003:000003a8       ?module_local_atexit_table@@3U_onexit_table_t@@A 100093a8     MSVCRT:utility.obj
 0003:000003b4       ?module_local_at_quick_exit_table@@3U_onexit_table_t@@A 100093b4     MSVCRT:utility.obj
 0003:000003c0       ?__proc_attached@@3HA      100093c0     MSVCRT:dll_dllmain.obj
 0003:000003d8       _GS_ExceptionRecord        100093d8     MSVCRT:gs_report.obj
 0003:00000428       _GS_ContextRecord          10009428     MSVCRT:gs_report.obj
 0004:00000060       $R000000                   1000a060     * linker generated manifest res *
