 ff2ap_hooks

 Timestamp is 6a73bd4d (Wed Aug  5 17:46:37 2026)

 Preferred load address is 10000000

 Start         Length     Name                   Class
 0001:00000000 00000060H .text$di                CODE
 0001:00000060 00009230H .text$mn                CODE
 0001:00009290 000006d0H .text$x                 CODE
 0001:00009960 000000baH .text$yd                CODE
 0002:00000000 00000230H .idata$5                DATA
 0002:00000230 00000008H .00cfg                  DATA
 0002:00000238 00000004H .CRT$XCA                DATA
 0002:0000023c 0000000cH .CRT$XCU                DATA
 0002:00000248 00000004H .CRT$XCZ                DATA
 0002:0000024c 00000004H .CRT$XIA                DATA
 0002:00000250 00000004H .CRT$XIZ                DATA
 0002:00000254 00000004H .CRT$XPA                DATA
 0002:00000258 00000004H .CRT$XPZ                DATA
 0002:0000025c 00000004H .CRT$XTA                DATA
 0002:00000260 00000008H .CRT$XTZ                DATA
 0002:00000264 00000000H .gfids$y                DATA
 0002:00000268 00000698H .rdata                  DATA
 0002:00000900 00000000H .rdata$CastGuardVftablesA DATA
 0002:00000900 00000000H .rdata$CastGuardVftablesC DATA
 0002:00000900 000003dcH .rdata$r                DATA
 0002:00000cdc 00000064H .rdata$sxdata           DATA
 0002:00000d40 00000154H .rdata$voltmd           DATA
 0002:00000e94 000002b4H .rdata$zzzdbg           DATA
 0002:00001148 00000004H .rtc$IAA                DATA
 0002:0000114c 00000004H .rtc$IZZ                DATA
 0002:00001150 00000004H .rtc$TAA                DATA
 0002:00001154 00000004H .rtc$TZZ                DATA
 0002:00001158 00000700H .xdata$x                DATA
 0002:00001858 00000000H .edata                  DATA
 0002:00001858 000000a0H .idata$2                DATA
 0002:000018f8 00000014H .idata$3                DATA
 0002:0000190c 00000230H .idata$4                DATA
 0002:00001b3c 00001008H .idata$6                DATA
 0003:00000000 000002a8H .data                   DATA
 0003:000002a8 000000b0H .data$r                 DATA
 0003:00000358 00000288H .data$rs                DATA
 0003:000005e0 00000464H .bss                    DATA
 0004:00000000 00000060H .rsrc$01                DATA
 0004:00000060 00000180H .rsrc$02                DATA

  Address         Publics by Value              Rva+Base       Lib:Object

 0000:00000000       ___AbsoluteZero            00000000     <absolute>
 0000:00000000       ___arm64x_extra_rfe_table  00000000     <absolute>
 0000:00000000       ___arm64x_extra_rfe_table_size 00000000     <absolute>
 0000:00000000       ___arm64x_native_entrypoint 00000000     <absolute>
 0000:00000000       ___arm64x_redirection_metadata 00000000     <absolute>
 0000:00000000       ___arm64x_redirection_metadata_count 00000000     <absolute>
 0000:00000000       ___dynamic_value_reloc_table 00000000     <absolute>
 0000:00000000       ___enclave_config          00000000     <absolute>
 0000:00000000       ___guard_check_icall_a64n_fptr 00000000     <absolute>
 0000:00000000       ___guard_eh_cont_count     00000000     <absolute>
 0000:00000000       ___guard_eh_cont_table     00000000     <absolute>
 0000:00000000       ___guard_fids_count        00000000     <absolute>
 0000:00000000       ___guard_fids_table        00000000     <absolute>
 0000:00000000       ___guard_iat_count         00000000     <absolute>
 0000:00000000       ___guard_iat_table         00000000     <absolute>
 0000:00000000       ___guard_longjmp_count     00000000     <absolute>
 0000:00000000       ___guard_longjmp_table     00000000     <absolute>
 0000:00000000       ___hybrid_auxiliary_delayload_iat 00000000     <absolute>
 0000:00000000       ___hybrid_auxiliary_delayload_iat_copy 00000000     <absolute>
 0000:00000000       ___hybrid_auxiliary_iat    00000000     <absolute>
 0000:00000000       ___hybrid_auxiliary_iat_copy 00000000     <absolute>
 0000:00000000       ___hybrid_code_map         00000000     <absolute>
 0000:00000000       ___hybrid_code_map_count   00000000     <absolute>
 0000:00000000       ___hybrid_image_info_bitfield 00000000     <absolute>
 0000:00000000       ___x64_code_ranges_to_entry_points 00000000     <absolute>
 0000:00000000       ___x64_code_ranges_to_entry_points_count 00000000     <absolute>
 0000:00000019       ___safe_se_handler_count   00000019     <absolute>
 0000:00000100       ___guard_flags             00000100     <absolute>
 0000:00000000       ___ImageBase               10000000     <linker-defined>
 0001:000000b0       _DllMain@12                100010b0 f   dllmain.obj
 0001:000000e0       ??$_Allocate_at_least_helper@V?$allocator@D@std@@@std@@YAPADAAV?$allocator@D@0@AAI@Z 100010e0 f i ipc.obj
 0001:000000e0       ??$_Allocate_at_least_helper@V?$allocator@E@std@@@std@@YAPAEAAV?$allocator@E@0@AAI@Z 100010e0 f i fullscreen.obj
 0001:00000130       ??$_Allocate_for_capacity@$0A@@?$basic_string@DU?$char_traits@D@std@@V?$allocator@D@2@@std@@CAPADAAV?$allocator@D@1@AAI@Z 10001130 f i ipc.obj
 0001:00000190       ??$_Construct@$00PBD@?$basic_string@DU?$char_traits@D@std@@V?$allocator@D@2@@std@@AAEXQBDI@Z 10001190 f i ipc.obj
 0001:00000220       ??$_Destroy_range@V?$allocator@V?$function@$$A6AXABV?$basic_string@DU?$char_traits@D@std@@V?$allocator@D@2@@std@@@Z@std@@@std@@@std@@YAXPAV?$function@$$A6AXABV?$basic_string@DU?$char_traits@D@std@@V?$allocator@D@2@@std@@@Z@0@QAV10@AAV?$allocator@V?$function@$$A6AXABV?$basic_string@DU?$char_traits@D@std@@V?$allocator@D@2@@std@@@Z@std@@@0@@Z 10001220 f i ipc.obj
 0001:00000260       ??$_Emplace_reallocate@V?$function@$$A6AXABV?$basic_string@DU?$char_traits@D@std@@V?$allocator@D@2@@std@@@Z@std@@@?$vector@V?$function@$$A6AXABV?$basic_string@DU?$char_traits@D@std@@V?$allocator@D@2@@std@@@Z@std@@V?$allocator@V?$function@$$A6AXABV?$basic_string@DU?$char_traits@D@std@@V?$allocator@D@2@@std@@@Z@std@@@2@@std@@AAEPAV?$function@$$A6AXABV?$basic_string@DU?$char_traits@D@std@@V?$allocator@D@2@@std@@@Z@1@QAV21@$$QAV21@@Z 10001260 f i ipc.obj
 0001:00000450       ??$_Invoke@V?$tuple@P6AXIAAU?$atomic@_N@std@@@ZIV?$reference_wrapper@U?$atomic@_N@std@@@2@@std@@$0A@$00$01@thread@std@@CGIPAX@Z 10001450 f i ipc.obj
 0001:000004b0       ??$_Invoke@V?$tuple@P6AXXZ@std@@$0A@@thread@std@@CGIPAX@Z 100014b0 f i ipc.obj
 0001:00000510       ??$_Uninitialized_move@PAV?$function@$$A6AXABV?$basic_string@DU?$char_traits@D@std@@V?$allocator@D@2@@std@@@Z@std@@V?$allocator@V?$function@$$A6AXABV?$basic_string@DU?$char_traits@D@std@@V?$allocator@D@2@@std@@@Z@std@@@2@@std@@YAPAV?$function@$$A6AXABV?$basic_string@DU?$char_traits@D@std@@V?$allocator@D@2@@std@@@Z@0@QAV10@0PAV10@AAV?$allocator@V?$function@$$A6AXABV?$basic_string@DU?$char_traits@D@std@@V?$allocator@D@2@@std@@@Z@std@@@0@@Z 10001510 f i ipc.obj
 0001:00000590       ??0?$basic_string@DU?$char_traits@D@std@@V?$allocator@D@2@@std@@QAE@ABV01@@Z 10001590 f i ipc.obj
 0001:00000640       ??0bad_alloc@std@@QAE@ABV01@@Z 10001640 f i ipc.obj
 0001:00000680       ??0bad_array_new_length@std@@QAE@ABV01@@Z 10001680 f i ipc.obj
 0001:000006c0       ??0bad_array_new_length@std@@QAE@XZ 100016c0 f i ipc.obj
 0001:000006e0       ??0exception@std@@QAE@ABV01@@Z 100016e0 f i ipc.obj
 0001:00000710       ??1?$basic_string@DU?$char_traits@D@std@@V?$allocator@D@2@@std@@QAE@XZ 10001710 f i ipc.obj
 0001:00000760       ??1?$deque@V?$basic_string@DU?$char_traits@D@std@@V?$allocator@D@2@@std@@V?$allocator@V?$basic_string@DU?$char_traits@D@std@@V?$allocator@D@2@@std@@@2@@std@@QAE@XZ 10001760 f i ipc.obj
 0001:00000860       ??1?$function@$$A6AXABV?$basic_string@DU?$char_traits@D@std@@V?$allocator@D@2@@std@@@Z@std@@QAE@XZ 10001860 f i ipc.obj
 0001:00000890       ??1?$lock_guard@Vmutex@std@@@std@@QAE@XZ 10001890 f i ipc.obj
 0001:000008a0       ??1?$unique_lock@Vmutex@std@@@std@@QAE@XZ 100018a0 f i ipc.obj
 0001:000008b0       ??1?$unique_ptr@V?$tuple@P6AXIAAU?$atomic@_N@std@@@ZIV?$reference_wrapper@U?$atomic@_N@std@@@2@@std@@U?$default_delete@V?$tuple@P6AXIAAU?$atomic@_N@std@@@ZIV?$reference_wrapper@U?$atomic@_N@std@@@2@@std@@@2@@std@@QAE@XZ 100018b0 f i ipc.obj
 0001:000008d0       ??1?$unique_ptr@V?$tuple@P6AXXZ@std@@U?$default_delete@V?$tuple@P6AXXZ@std@@@2@@std@@QAE@XZ 100018d0 f i ipc.obj
 0001:000008f0       ??1bad_alloc@std@@UAE@XZ   100018f0 f i ipc.obj
 0001:000008f0       ??1bad_array_new_length@std@@UAE@XZ 100018f0 f i ipc.obj
 0001:00000910       ??1thread@std@@QAE@XZ      10001910 f i ipc.obj
 0001:00000920       ??_Ebad_alloc@std@@UAEPAXI@Z 10001920 f i ipc.obj
 0001:00000920       ??_Ebad_array_new_length@std@@UAEPAXI@Z 10001920 f i ipc.obj
 0001:00000920       ??_Eexception@std@@UAEPAXI@Z 10001920 f i ipc.obj
 0001:00000920       ??_Gbad_alloc@std@@UAEPAXI@Z 10001920 f i ipc.obj
 0001:00000920       ??_Gbad_array_new_length@std@@UAEPAXI@Z 10001920 f i ipc.obj
 0001:00000920       ??_Gexception@std@@UAEPAXI@Z 10001920 f i ipc.obj
 0001:000010a0       ?Init@ipc@@YAXXZ           100020a0 f   ipc.obj
 0001:00001150       ?Log@ipc@@YAXABV?$basic_string@DU?$char_traits@D@std@@V?$allocator@D@2@@std@@@Z 10002150 f   ipc.obj
 0001:00001360       ?QueueSend@ipc@@YAXABV?$basic_string@DU?$char_traits@D@std@@V?$allocator@D@2@@std@@@Z 10002360 f   ipc.obj
 0001:00001480       ?RegisterHandler@ipc@@YAXV?$function@$$A6AXABV?$basic_string@DU?$char_traits@D@std@@V?$allocator@D@2@@std@@@Z@std@@@Z 10002480 f   ipc.obj
 0001:00001d60       ?_Deallocate_for_capacity@?$basic_string@DU?$char_traits@D@std@@V?$allocator@D@2@@std@@CAXAAV?$allocator@D@2@QADI@Z 10002d60 f i ipc.obj
 0001:00001da0       ?_Growmap@?$deque@V?$basic_string@DU?$char_traits@D@std@@V?$allocator@D@2@@std@@V?$allocator@V?$basic_string@DU?$char_traits@D@std@@V?$allocator@D@2@@std@@@2@@std@@AAEXI@Z 10002da0 f i ipc.obj
 0001:00001f50       ?_Throw_bad_array_new_length@std@@YAXXZ 10002f50 f i ipc.obj
 0001:00001f50       ?__scrt_throw_std_bad_array_new_length@@YAXXZ 10002f50 f i MSVCRT:throw_bad_alloc.obj
 0001:00001f70       ?_Xlen@?$deque@V?$basic_string@DU?$char_traits@D@std@@V?$allocator@D@2@@std@@V?$allocator@V?$basic_string@DU?$char_traits@D@std@@V?$allocator@D@2@@std@@@2@@std@@CAXXZ 10002f70 f i ipc.obj
 0001:00001f80       ?_Xlen_string@std@@YAXXZ   10002f80 f i ipc.obj
 0001:00001f90       ?_Xlength@?$vector@EV?$allocator@E@std@@@std@@CAXXZ 10002f90 f i fullscreen.obj
 0001:00001f90       ?_Xlength@?$vector@V?$function@$$A6AXABV?$basic_string@DU?$char_traits@D@std@@V?$allocator@D@2@@std@@@Z@std@@V?$allocator@V?$function@$$A6AXABV?$basic_string@DU?$char_traits@D@std@@V?$allocator@D@2@@std@@@Z@std@@@2@@std@@CAXXZ 10002f90 f i ipc.obj
 0001:00001fa0       ?_Xran@?$_String_val@U?$_Simple_types@D@std@@@std@@SAXXZ 10002fa0 f i ipc.obj
 0001:00001fb0       ?append@?$basic_string@DU?$char_traits@D@std@@V?$allocator@D@2@@std@@QAEAAV12@QBDI@Z 10002fb0 f i ipc.obj
 0001:00002110       ?deallocate@?$allocator@D@std@@QAEXQADI@Z 10003110 f i ipc.obj
 0001:00002150       ?now@steady_clock@chrono@std@@SA?AV?$time_point@Usteady_clock@chrono@std@@V?$duration@_JU?$ratio@$00$0DLJKMKAA@@std@@@23@@23@XZ 10003150 f i ipc.obj
 0001:00002250       ?push_back@?$basic_string@DU?$char_traits@D@std@@V?$allocator@D@2@@std@@QAEXD@Z 10003250 f i ipc.obj
 0001:00002370       ?rfind@?$basic_string@DU?$char_traits@D@std@@V?$allocator@D@2@@std@@QBEIQBDI@Z 10003370 f i ipc.obj
 0001:00002450       ?what@exception@std@@UBEPBDXZ 10003450 f i ipc.obj
 0001:00002460       ?ContentLevel@state@@YAHH@Z 10003460 f   state.obj
 0001:00002480       ?IsBonusContentLevel@state@@YA_NH@Z 10003480 f   state.obj
 0001:000024f0       ??$?0PAD$0A@@?$basic_string@DU?$char_traits@D@std@@V?$allocator@D@2@@std@@QAE@PAD0ABV?$allocator@D@1@@Z 100034f0 f i boundary_gate.obj
 0001:000025b0       ??$_UIntegral_to_buff@DI@std@@YAPADPADI@Z 100035b0 f i boundary_gate.obj
 0001:00002640       ?InstallBoundaryGate@hooks@@YA_NXZ 10003640 f   boundary_gate.obj
 0001:00002680       ?InstallLevelSelectGate@hooks@@YA_NXZ 10003680 f   boundary_gate.obj
 0001:000026c0       ?insert@?$basic_string@DU?$char_traits@D@std@@V?$allocator@D@2@@std@@QAEAAV12@IQBDI@Z 100036c0 f i boundary_gate.obj
 0001:000028a0       _ClampLevelSelect          100038a0 f   boundary_gate.obj
 0001:000028c0       _HandleBoundaryCheck       100038c0 f   boundary_gate.obj
 0001:00002a00       ??0?$basic_string@DU?$char_traits@D@std@@V?$allocator@D@2@@std@@QAE@U_String_constructor_concat_tag@1@AAV01@1@Z 10003a00 f i level_guard.obj
 0001:00002e10       ?InstallLevelGuard@hooks@@YA_NXZ 10003e10 f   level_guard.obj
 0001:00003a40       ?_Copy@?$_Func_impl_no_alloc@P6AXABV?$basic_string@DU?$char_traits@D@std@@V?$allocator@D@2@@std@@@ZXABV12@@std@@EBEPAV?$_Func_base@XABV?$basic_string@DU?$char_traits@D@std@@V?$allocator@D@2@@std@@@2@PAX@Z 10004a40 f i level_guard.obj
 0001:00003a40       ?_Move@?$_Func_impl_no_alloc@P6AXABV?$basic_string@DU?$char_traits@D@std@@V?$allocator@D@2@@std@@@ZXABV12@@std@@EAEPAV?$_Func_base@XABV?$basic_string@DU?$char_traits@D@std@@V?$allocator@D@2@@std@@@2@PAX@Z 10004a40 f i level_guard.obj
 0001:00003a60       ?_Delete_this@?$_Func_impl_no_alloc@P6AXABV?$basic_string@DU?$char_traits@D@std@@V?$allocator@D@2@@std@@@ZXABV12@@std@@EAEX_N@Z 10004a60 f i level_guard.obj
 0001:00003a80       ?_Do_call@?$_Func_impl_no_alloc@P6AXABV?$basic_string@DU?$char_traits@D@std@@V?$allocator@D@2@@std@@@ZXABV12@@std@@EAEXABV?$basic_string@DU?$char_traits@D@std@@V?$allocator@D@2@@2@@Z 10004a80 f i level_guard.obj
 0001:00003aa0       ?_Get@?$_Func_impl_no_alloc@P6AXABV?$basic_string@DU?$char_traits@D@std@@V?$allocator@D@2@@std@@@ZXABV12@@std@@EBEPBXXZ 10004aa0 f i level_guard.obj
 0001:00003ab0       ?_Target_type@?$_Func_impl_no_alloc@P6AXABV?$basic_string@DU?$char_traits@D@std@@V?$allocator@D@2@@std@@@ZXABV12@@std@@EBEABVtype_info@@XZ 10004ab0 f i level_guard.obj
 0001:00003ae0       ?InstallPlayerFish@hooks@@YA_NXZ 10004ae0 f   player_fish.obj
 0001:00003b90       ?InstallAbilityGate@hooks@@YAXXZ 10004b90 f   ability_gate.obj
 0001:00003e90       ?InstallDeathLink@hooks@@YAXXZ 10004e90 f   deathlink.obj
 0001:000041c0       ?InstallBossHp@hooks@@YA_NXZ 100051c0 f   boss_hp.obj
 0001:00004200       ??$getline@DU?$char_traits@D@std@@V?$allocator@D@2@@std@@YAAAV?$basic_istream@DU?$char_traits@D@std@@@0@$$QAV10@AAV?$basic_string@DU?$char_traits@D@std@@V?$allocator@D@2@@0@D@Z 10005200 f i shuffle.obj
 0001:00004390       ??0?$fpos@U_Mbstatet@@@std@@QAE@_J@Z 10005390 f i shuffle.obj
 0001:000043c0       ??1?$basic_stringbuf@DU?$char_traits@D@std@@V?$allocator@D@2@@std@@UAE@XZ 100053c0 f i shuffle.obj
 0001:00004460       ??1_Sentry_base@?$basic_istream@DU?$char_traits@D@std@@@std@@QAE@XZ 10005460 f i shuffle.obj
 0001:000044b0       ??1sentry@?$basic_istream@DU?$char_traits@D@std@@@std@@QAE@XZ 100054b0 f i shuffle.obj
 0001:00004510       ??_D?$basic_istringstream@DU?$char_traits@D@std@@V?$allocator@D@2@@std@@QAEXXZ 10005510 f i shuffle.obj
 0001:00004547       ??_E?$basic_istringstream@DU?$char_traits@D@std@@V?$allocator@D@2@@std@@$4PPPPPPPM@A@AEPAXI@Z 10005547 f i shuffle.obj
 0001:00004550       ??_E?$basic_istringstream@DU?$char_traits@D@std@@V?$allocator@D@2@@std@@UAEPAXI@Z 10005550 f i shuffle.obj
 0001:00004550       ??_G?$basic_istringstream@DU?$char_traits@D@std@@V?$allocator@D@2@@std@@UAEPAXI@Z 10005550 f i shuffle.obj
 0001:000045b0       ??_E?$basic_stringbuf@DU?$char_traits@D@std@@V?$allocator@D@2@@std@@UAEPAXI@Z 100055b0 f i shuffle.obj
 0001:000045b0       ??_G?$basic_stringbuf@DU?$char_traits@D@std@@V?$allocator@D@2@@std@@UAEPAXI@Z 100055b0 f i shuffle.obj
 0001:00004cb0       ?InstallShuffle@hooks@@YAXXZ 10005cb0 f   shuffle.obj
 0001:00005080       ?overflow@?$basic_stringbuf@DU?$char_traits@D@std@@V?$allocator@D@2@@std@@MAEHH@Z 10006080 f i shuffle.obj
 0001:000051c0       ?pbackfail@?$basic_stringbuf@DU?$char_traits@D@std@@V?$allocator@D@2@@std@@MAEHH@Z 100061c0 f i shuffle.obj
 0001:00005230       ?seekoff@?$basic_stringbuf@DU?$char_traits@D@std@@V?$allocator@D@2@@std@@MAE?AV?$fpos@U_Mbstatet@@@2@_JHH@Z 10006230 f i shuffle.obj
 0001:00005400       ?seekpos@?$basic_stringbuf@DU?$char_traits@D@std@@V?$allocator@D@2@@std@@MAE?AV?$fpos@U_Mbstatet@@@2@V32@H@Z 10006400 f i shuffle.obj
 0001:00005560       ?underflow@?$basic_stringbuf@DU?$char_traits@D@std@@V?$allocator@D@2@@std@@MAEHXZ 10006560 f i shuffle.obj
 0001:000055e0       ??$_Emplace_reallocate@E@?$vector@EV?$allocator@E@std@@@std@@AAEPAEQAE$$QAE@Z 100065e0 f i fullscreen.obj
 0001:000056f0       ??$_Insert_counted_range@PAE@?$vector@EV?$allocator@E@std@@@std@@AAEXV?$_Vector_const_iterator@V?$_Vector_val@U?$_Simple_types@E@std@@@std@@@1@PAEI@Z 100066f0 f i fullscreen.obj
 0001:000056f0       ??$_Insert_counted_range@PBE@?$vector@EV?$allocator@E@std@@@std@@AAEXV?$_Vector_const_iterator@V?$_Vector_val@U?$_Simple_types@E@std@@@std@@@1@PBEI@Z 100066f0 f i fullscreen.obj
 0001:00005870       ??1?$vector@EV?$allocator@E@std@@@std@@QAE@XZ 10006870 f i fullscreen.obj
 0001:00006290       ?InstallFullscreen@hooks@@YAXXZ 10007290 f   fullscreen.obj
 0001:00006b10       ?_Change_array@?$vector@EV?$allocator@E@std@@@std@@AAEXQAEII@Z 10007b10 f i fullscreen.obj
 0001:00007030       _MH_CreateHook@12          10008030 f   minhook.x32:hook.obj
 0001:00007240       _MH_EnableHook@4           10008240 f   minhook.x32:hook.obj
 0001:00007260       _MH_Initialize@0           10008260 f   minhook.x32:hook.obj
 0001:00007490       _AllocateBuffer            10008490 f   minhook.x32:buffer.obj
 0001:00007510       _FreeBuffer                10008510 f   minhook.x32:buffer.obj
 0001:00007580       @_guard_check_icall_nop@4  10008580 f   MSVCRT:guard_support.obj
 0001:00007580       _InitializeBuffer          10008580 f   minhook.x32:buffer.obj
 0001:00007590       _IsExecutableAddress       10008590 f   minhook.x32:buffer.obj
 0001:000075d0       _CreateTrampolineFunction  100085d0 f   minhook.x32:trampoline.obj
 0001:000078f0       _hde32_disasm              100088f0 f   minhook.x32:hde32.obj
 0001:0000802c       _CreateToolhelp32Snapshot@8 1000902c f   kernel32:KERNEL32.dll
 0001:00008032       _Thread32First@8           10009032 f   kernel32:KERNEL32.dll
 0001:00008038       _Thread32Next@8            10009038 f   kernel32:KERNEL32.dll
 0001:0000803e       __Query_perf_counter       1000903e f   msvcprt:MSVCP140.dll
 0001:00008044       __Query_perf_frequency     10009044 f   msvcprt:MSVCP140.dll
 0001:0000804a       __Thrd_detach              1000904a f   msvcprt:MSVCP140.dll
 0001:00008050       __Thrd_join                10009050 f   msvcprt:MSVCP140.dll
 0001:00008056       __Thrd_id                  10009056 f   msvcprt:MSVCP140.dll
 0001:0000805c       ?wait_for@stl_condition_variable_win7@details@Concurrency@@QAE_NPAU_Stl_critical_section@@I@Z 1000905c f i msvcprt:sharedmutex.obj
 0001:0000807e       __Cnd_timedwait_for@12     1000907e f   msvcprt:sharedmutex.obj
 0001:000080dd       __Thrd_sleep_for@4         100090dd f   msvcprt:sharedmutex.obj
 0001:000080e3       __Mtx_lock                 100090e3 f   msvcprt:MSVCP140.dll
 0001:000080e9       __Mtx_unlock               100090e9 f   msvcprt:MSVCP140.dll
 0001:000080ef       __Cnd_init_in_situ         100090ef f   msvcprt:MSVCP140.dll
 0001:000080f5       __Cnd_destroy_in_situ      100090f5 f   msvcprt:MSVCP140.dll
 0001:000080fb       __Cnd_broadcast            100090fb f   msvcprt:MSVCP140.dll
 0001:00008101       __Cnd_do_broadcast_at_thread_exit 10009101 f   msvcprt:MSVCP140.dll
 0001:00008107       ?_Throw_Cpp_error@std@@YAXH@Z 10009107 f   msvcprt:MSVCP140.dll
 0001:0000810d       ?_Xinvalid_argument@std@@YAXPBD@Z 1000910d f   msvcprt:MSVCP140.dll
 0001:00008113       ?_Xlength_error@std@@YAXPBD@Z 10009113 f   msvcprt:MSVCP140.dll
 0001:00008119       ?_Xout_of_range@std@@YAXPBD@Z 10009119 f   msvcprt:MSVCP140.dll
 0001:0000811f       ?_Xbad_function_call@std@@YAXXZ 1000911f f   msvcprt:MSVCP140.dll
 0001:00008125       ?_Xbad_alloc@std@@YAXXZ    10009125 f   msvcprt:MSVCP140.dll
 0001:0000812b       ?imbue@?$basic_streambuf@DU?$char_traits@D@std@@@std@@MAEXABVlocale@2@@Z 1000912b f   msvcprt:MSVCP140.dll
 0001:00008131       ?sync@?$basic_streambuf@DU?$char_traits@D@std@@@std@@MAEHXZ 10009131 f   msvcprt:MSVCP140.dll
 0001:00008137       ?setbuf@?$basic_streambuf@DU?$char_traits@D@std@@@std@@MAEPAV12@PAD_J@Z 10009137 f   msvcprt:MSVCP140.dll
 0001:0000813d       ?xsputn@?$basic_streambuf@DU?$char_traits@D@std@@@std@@MAE_JPBD_J@Z 1000913d f   msvcprt:MSVCP140.dll
 0001:00008143       ?xsgetn@?$basic_streambuf@DU?$char_traits@D@std@@@std@@MAE_JPAD_J@Z 10009143 f   msvcprt:MSVCP140.dll
 0001:00008149       ?uflow@?$basic_streambuf@DU?$char_traits@D@std@@@std@@MAEHXZ 10009149 f   msvcprt:MSVCP140.dll
 0001:0000814f       ?showmanyc@?$basic_streambuf@DU?$char_traits@D@std@@@std@@MAE_JXZ 1000914f f   msvcprt:MSVCP140.dll
 0001:00008155       ?_Unlock@?$basic_streambuf@DU?$char_traits@D@std@@@std@@UAEXXZ 10009155 f   msvcprt:MSVCP140.dll
 0001:0000815b       ?_Lock@?$basic_streambuf@DU?$char_traits@D@std@@@std@@UAEXXZ 1000915b f   msvcprt:MSVCP140.dll
 0001:00008161       ??2@YAPAXI@Z               10009161 f   MSVCRT:new_scalar.obj
 0001:00008191       ??3@YAXPAXI@Z              10009191 f   MSVCRT:delete_scalar_size.obj
 0001:000081e3       ___scrt_acquire_startup_lock 100091e3 f   MSVCRT:utility.obj
 0001:00008215       ___scrt_dllmain_after_initialize_c 10009215 f   MSVCRT:utility.obj
 0001:00008240       ___scrt_dllmain_before_initialize_c 10009240 f   MSVCRT:utility.obj
 0001:0000824e       ___scrt_dllmain_crt_thread_attach 1000924e f   MSVCRT:utility.obj
 0001:0000826d       ___scrt_dllmain_crt_thread_detach 1000926d f   MSVCRT:utility.obj
 0001:0000827a       ___scrt_dllmain_exception_filter 1000927a f   MSVCRT:utility.obj
 0001:000082ae       ___scrt_dllmain_uninitialize_c 100092ae f   MSVCRT:utility.obj
 0001:000082d1       ___scrt_dllmain_uninitialize_critical 100092d1 f   MSVCRT:utility.obj
 0001:000082de       ___scrt_initialize_crt     100092de f   MSVCRT:utility.obj
 0001:00008317       ___scrt_initialize_onexit_tables 10009317 f   MSVCRT:utility.obj
 0001:0000839e       ___scrt_is_nonwritable_in_current_image 1000939e f   MSVCRT:utility.obj
 0001:00008432       ___scrt_release_startup_lock 10009432 f   MSVCRT:utility.obj
 0001:0000844f       ___scrt_uninitialize_crt   1000944f f   MSVCRT:utility.obj
 0001:00008477       __onexit                   10009477 f   MSVCRT:utility.obj
 0001:000084a4       _atexit                    100094a4 f   MSVCRT:utility.obj
 0001:000084b9       @__security_check_cookie@4 100094b9 f   MSVCRT:secchk.obj
 0001:000084d0       __alldiv                   100094d0 f   MSVCRT:lldiv.obj
 0001:00008580       __alldvrm                  10009580 f   MSVCRT:lldvrm.obj
 0001:00008660       __allmul                   10009660 f   MSVCRT:llmul.obj
 0001:00008694       ??_Etype_info@@UAEPAXI@Z   10009694 f i MSVCRT:std_type_info_static.obj
 0001:00008694       ??_Gtype_info@@UAEPAXI@Z   10009694 f i MSVCRT:std_type_info_static.obj
 0001:000089f7       __DllMainCRTStartup@12     100099f7 f   MSVCRT:dll_dllmain.obj
 0001:00008a1a       ??0bad_alloc@std@@QAE@XZ   10009a1a f i MSVCRT:throw_bad_alloc.obj
 0001:00008a32       ?__scrt_throw_std_bad_alloc@@YAXXZ 10009a32 f   MSVCRT:throw_bad_alloc.obj
 0001:00008a4f       ??3@YAXPAX@Z               10009a4f f   MSVCRT:delete_scalar.obj
 0001:00008a54       ___isa_available_init      10009a54 f   MSVCRT:cpu_disp.obj
 0001:00008d81       __get_startup_argv_mode    10009d81 f   MSVCRT:argv_mode.obj
 0001:00008d85       ___scrt_is_ucrt_dll_in_use 10009d85 f   MSVCRT:ucrt_detection.obj
 0001:00008d91       ___scrt_fastfail           10009d91 f   MSVCRT:utility_desktop.obj
 0001:00008ea6       __crt_debugger_hook        10009ea6 f   MSVCRT:utility_desktop.obj
 0001:00008eb0       __SEH_prolog4              10009eb0 f   MSVCRT:sehprolg4.obj
 0001:00008ef5       __except_handler4          10009ef5 f   MSVCRT:chandler4gs.obj
 0001:00008f24       ___raise_securityfailure   10009f24 f   MSVCRT:gs_report.obj
 0001:00008f4c       ___report_gsfailure        10009f4c f   MSVCRT:gs_report.obj
 0001:00009094       ___security_init_cookie    1000a094 f   MSVCRT:gs_support.obj
 0001:000090df       ?__scrt_initialize_type_info@@YAXXZ 1000a0df f   MSVCRT:tncleanup.obj
 0001:000090eb       ?__scrt_uninitialize_type_info@@YAXXZ 1000a0eb f   MSVCRT:tncleanup.obj
 0001:000090f7       ___local_stdio_printf_options 1000a0f7 f i MSVCRT:default_local_stdio_options.obj
 0001:000090fd       ___local_stdio_scanf_options 1000a0fd f i MSVCRT:default_local_stdio_options.obj
 0001:00009103       ___scrt_initialize_default_local_stdio_options 1000a103 f   MSVCRT:default_local_stdio_options.obj
 0001:00009120       ___scrt_get_dyn_tls_init_callback 1000a120 f   MSVCRT:dyn_tls_init.obj
 0001:00009126       __RTC_Initialize           1000a126 f   MSVCRT:initsect.obj
 0001:00009152       __RTC_Terminate            1000a152 f   MSVCRT:initsect.obj
 0001:0000917e       ___std_exception_copy      1000a17e f   vcruntime:VCRUNTIME140.dll
 0001:00009184       ___std_exception_destroy   1000a184 f   vcruntime:VCRUNTIME140.dll
 0001:0000918a       __CxxThrowException@8      1000a18a f   vcruntime:VCRUNTIME140.dll
 0001:00009190       ___CxxFrameHandler3        1000a190 f   vcruntime:VCRUNTIME140.dll
 0001:00009196       _memchr                    1000a196 f   vcruntime:VCRUNTIME140.dll
 0001:0000919c       _memcpy                    1000a19c f   vcruntime:VCRUNTIME140.dll
 0001:000091a2       _memmove                   1000a1a2 f   vcruntime:VCRUNTIME140.dll
 0001:000091a8       _memset                    1000a1a8 f   vcruntime:VCRUNTIME140.dll
 0001:000091ae       ___std_terminate           1000a1ae f   vcruntime:VCRUNTIME140.dll
 0001:000091b4       __except_handler4_common   1000a1b4 f   vcruntime:VCRUNTIME140.dll
 0001:000091ba       ___std_type_info_destroy_list 1000a1ba f   vcruntime:VCRUNTIME140.dll
 0001:000091c0       __callnewh                 1000a1c0 f   ucrt:api-ms-win-crt-heap-l1-1-0.dll
 0001:000091c6       _malloc                    1000a1c6 f   ucrt:api-ms-win-crt-heap-l1-1-0.dll
 0001:000091cc       __seh_filter_dll           1000a1cc f   ucrt:api-ms-win-crt-runtime-l1-1-0.dll
 0001:000091d2       __configure_narrow_argv    1000a1d2 f   ucrt:api-ms-win-crt-runtime-l1-1-0.dll
 0001:000091d8       __initialize_narrow_environment 1000a1d8 f   ucrt:api-ms-win-crt-runtime-l1-1-0.dll
 0001:000091de       __initialize_onexit_table  1000a1de f   ucrt:api-ms-win-crt-runtime-l1-1-0.dll
 0001:000091e4       __register_onexit_function 1000a1e4 f   ucrt:api-ms-win-crt-runtime-l1-1-0.dll
 0001:000091ea       __execute_onexit_table     1000a1ea f   ucrt:api-ms-win-crt-runtime-l1-1-0.dll
 0001:000091f0       __crt_atexit               1000a1f0 f   ucrt:api-ms-win-crt-runtime-l1-1-0.dll
 0001:000091f6       __cexit                    1000a1f6 f   ucrt:api-ms-win-crt-runtime-l1-1-0.dll
 0001:000091fc       __initterm                 1000a1fc f   ucrt:api-ms-win-crt-runtime-l1-1-0.dll
 0001:00009202       __initterm_e               1000a202 f   ucrt:api-ms-win-crt-runtime-l1-1-0.dll
 0001:00009208       _free                      1000a208 f   ucrt:api-ms-win-crt-heap-l1-1-0.dll
 0001:0000920e       ___acrt_initialize         1000a20e f   MSVCRT:ucrt_stubs.obj
 0001:0000920e       ___acrt_thread_attach      1000a20e f   MSVCRT:ucrt_stubs.obj
 0001:0000920e       ___acrt_thread_detach      1000a20e f   MSVCRT:ucrt_stubs.obj
 0001:0000920e       ___acrt_uninitialize       1000a20e f   MSVCRT:ucrt_stubs.obj
 0001:0000920e       ___acrt_uninitialize_critical 1000a20e f   MSVCRT:ucrt_stubs.obj
 0001:0000920e       ___scrt_stub_for_acrt_initialize 1000a20e f   MSVCRT:ucrt_stubs.obj
 0001:0000920e       ___scrt_stub_for_acrt_thread_attach 1000a20e f   MSVCRT:ucrt_stubs.obj
 0001:0000920e       ___scrt_stub_for_acrt_thread_detach 1000a20e f   MSVCRT:ucrt_stubs.obj
 0001:0000920e       ___scrt_stub_for_acrt_uninitialize 1000a20e f   MSVCRT:ucrt_stubs.obj
 0001:0000920e       ___scrt_stub_for_acrt_uninitialize_critical 1000a20e f   MSVCRT:ucrt_stubs.obj
 0001:0000920e       ___vcrt_initialize         1000a20e f   MSVCRT:ucrt_stubs.obj
 0001:0000920e       ___vcrt_thread_attach      1000a20e f   MSVCRT:ucrt_stubs.obj
 0001:0000920e       ___vcrt_thread_detach      1000a20e f   MSVCRT:ucrt_stubs.obj
 0001:0000920e       ___vcrt_uninitialize       1000a20e f   MSVCRT:ucrt_stubs.obj
 0001:0000920e       ___vcrt_uninitialize_critical 1000a20e f   MSVCRT:ucrt_stubs.obj
 0001:00009211       ___scrt_stub_for_is_c_termination_complete 1000a211 f   MSVCRT:ucrt_stubs.obj
 0001:00009211       __is_c_termination_complete 1000a211 f   MSVCRT:ucrt_stubs.obj
 0001:00009214       __filter_x86_sse2_floating_point_exception 1000a214 f   MSVCRT:x86_exception_filter.obj
 0001:00009214       __filter_x86_sse2_floating_point_exception_default 1000a214 f   MSVCRT:x86_exception_filter.obj
 0002:00000000       __imp__InitializeSListHead@4 1000b000     kernel32:KERNEL32.dll
 0002:00000004       __imp__GetSystemTimeAsFileTime@4 1000b004     kernel32:KERNEL32.dll
 0002:00000008       __imp__QueryPerformanceCounter@4 1000b008     kernel32:KERNEL32.dll
 0002:0000000c       __imp__TerminateProcess@8  1000b00c     kernel32:KERNEL32.dll
 0002:00000010       __imp__SetUnhandledExceptionFilter@4 1000b010     kernel32:KERNEL32.dll
 0002:00000014       __imp__UnhandledExceptionFilter@4 1000b014     kernel32:KERNEL32.dll
 0002:00000018       __imp__IsDebuggerPresent@0 1000b018     kernel32:KERNEL32.dll
 0002:0000001c       __imp__IsProcessorFeaturePresent@4 1000b01c     kernel32:KERNEL32.dll
 0002:00000020       __imp__CreateThread@24     1000b020     kernel32:KERNEL32.dll
 0002:00000024       __imp__DisableThreadLibraryCalls@4 1000b024     kernel32:KERNEL32.dll
 0002:00000028       __imp__GetModuleHandleA@4  1000b028     kernel32:KERNEL32.dll
 0002:0000002c       __imp__VirtualProtect@16   1000b02c     kernel32:KERNEL32.dll
 0002:00000030       __imp__VirtualAlloc@16     1000b030     kernel32:KERNEL32.dll
 0002:00000034       __imp__VirtualFree@12      1000b034     kernel32:KERNEL32.dll
 0002:00000038       __imp__CloseHandle@4       1000b038     kernel32:KERNEL32.dll
 0002:0000003c       __imp__GetLastError@0      1000b03c     kernel32:KERNEL32.dll
 0002:00000040       __imp__HeapCreate@12       1000b040     kernel32:KERNEL32.dll
 0002:00000044       __imp__HeapAlloc@12        1000b044     kernel32:KERNEL32.dll
 0002:00000048       __imp__HeapReAlloc@16      1000b048     kernel32:KERNEL32.dll
 0002:0000004c       __imp__HeapFree@12         1000b04c     kernel32:KERNEL32.dll
 0002:00000050       __imp__Sleep@4             1000b050     kernel32:KERNEL32.dll
 0002:00000054       __imp__GetCurrentProcess@0 1000b054     kernel32:KERNEL32.dll
 0002:00000058       __imp__GetCurrentProcessId@0 1000b058     kernel32:KERNEL32.dll
 0002:0000005c       __imp__GetCurrentThreadId@0 1000b05c     kernel32:KERNEL32.dll
 0002:00000060       __imp__OpenThread@12       1000b060     kernel32:KERNEL32.dll
 0002:00000064       __imp__SuspendThread@4     1000b064     kernel32:KERNEL32.dll
 0002:00000068       __imp__ResumeThread@4      1000b068     kernel32:KERNEL32.dll
 0002:0000006c       __imp__GetThreadContext@8  1000b06c     kernel32:KERNEL32.dll
 0002:00000070       __imp__SetThreadContext@8  1000b070     kernel32:KERNEL32.dll
 0002:00000074       __imp__FlushInstructionCache@12 1000b074     kernel32:KERNEL32.dll
 0002:00000078       __imp__CreateToolhelp32Snapshot@8 1000b078     kernel32:KERNEL32.dll
 0002:0000007c       __imp__Thread32First@8     1000b07c     kernel32:KERNEL32.dll
 0002:00000080       __imp__Thread32Next@8      1000b080     kernel32:KERNEL32.dll
 0002:00000084       __imp__VirtualQuery@12     1000b084     kernel32:KERNEL32.dll
 0002:00000088       __imp__GetTickCount64@0    1000b088     kernel32:KERNEL32.dll
 0002:0000008c       __imp__SleepConditionVariableSRW@16 1000b08c     kernel32:KERNEL32.dll
 0002:00000090       \177KERNEL32_NULL_THUNK_DATA 1000b090     kernel32:KERNEL32.dll
 0002:00000094       __imp_?_Lock@?$basic_streambuf@DU?$char_traits@D@std@@@std@@UAEXXZ 1000b094     msvcprt:MSVCP140.dll
 0002:00000098       __imp_?_Unlock@?$basic_streambuf@DU?$char_traits@D@std@@@std@@UAEXXZ 1000b098     msvcprt:MSVCP140.dll
 0002:0000009c       __imp_?showmanyc@?$basic_streambuf@DU?$char_traits@D@std@@@std@@MAE_JXZ 1000b09c     msvcprt:MSVCP140.dll
 0002:000000a0       __imp___Query_perf_counter 1000b0a0     msvcprt:MSVCP140.dll
 0002:000000a4       __imp___Query_perf_frequency 1000b0a4     msvcprt:MSVCP140.dll
 0002:000000a8       __imp___Thrd_detach        1000b0a8     msvcprt:MSVCP140.dll
 0002:000000ac       __imp___Thrd_join          1000b0ac     msvcprt:MSVCP140.dll
 0002:000000b0       __imp___Thrd_id            1000b0b0     msvcprt:MSVCP140.dll
 0002:000000b4       __imp___Mtx_lock           1000b0b4     msvcprt:MSVCP140.dll
 0002:000000b8       __imp___Mtx_unlock         1000b0b8     msvcprt:MSVCP140.dll
 0002:000000bc       __imp___Cnd_init_in_situ   1000b0bc     msvcprt:MSVCP140.dll
 0002:000000c0       __imp___Cnd_destroy_in_situ 1000b0c0     msvcprt:MSVCP140.dll
 0002:000000c4       __imp___Cnd_broadcast      1000b0c4     msvcprt:MSVCP140.dll
 0002:000000c8       __imp___Cnd_do_broadcast_at_thread_exit 1000b0c8     msvcprt:MSVCP140.dll
 0002:000000cc       __imp_?_Throw_Cpp_error@std@@YAXH@Z 1000b0cc     msvcprt:MSVCP140.dll
 0002:000000d0       __imp_?_Xinvalid_argument@std@@YAXPBD@Z 1000b0d0     msvcprt:MSVCP140.dll
 0002:000000d4       __imp_?_Xlength_error@std@@YAXPBD@Z 1000b0d4     msvcprt:MSVCP140.dll
 0002:000000d8       __imp_?_Xout_of_range@std@@YAXPBD@Z 1000b0d8     msvcprt:MSVCP140.dll
 0002:000000dc       __imp_?_Xbad_function_call@std@@YAXXZ 1000b0dc     msvcprt:MSVCP140.dll
 0002:000000e0       __imp_?_Xbad_alloc@std@@YAXXZ 1000b0e0     msvcprt:MSVCP140.dll
 0002:000000e4       __imp_??Bios_base@std@@QBE_NXZ 1000b0e4     msvcprt:MSVCP140.dll
 0002:000000e8       __imp_??0?$basic_streambuf@DU?$char_traits@D@std@@@std@@IAE@XZ 1000b0e8     msvcprt:MSVCP140.dll
 0002:000000ec       __imp_??1?$basic_streambuf@DU?$char_traits@D@std@@@std@@UAE@XZ 1000b0ec     msvcprt:MSVCP140.dll
 0002:000000f0       __imp_?sbumpc@?$basic_streambuf@DU?$char_traits@D@std@@@std@@QAEHXZ 1000b0f0     msvcprt:MSVCP140.dll
 0002:000000f4       __imp_?sgetc@?$basic_streambuf@DU?$char_traits@D@std@@@std@@QAEHXZ 1000b0f4     msvcprt:MSVCP140.dll
 0002:000000f8       __imp_?snextc@?$basic_streambuf@DU?$char_traits@D@std@@@std@@QAEHXZ 1000b0f8     msvcprt:MSVCP140.dll
 0002:000000fc       __imp_?eback@?$basic_streambuf@DU?$char_traits@D@std@@@std@@IBEPADXZ 1000b0fc     msvcprt:MSVCP140.dll
 0002:00000100       __imp_?gptr@?$basic_streambuf@DU?$char_traits@D@std@@@std@@IBEPADXZ 1000b100     msvcprt:MSVCP140.dll
 0002:00000104       __imp_?pptr@?$basic_streambuf@DU?$char_traits@D@std@@@std@@IBEPADXZ 1000b104     msvcprt:MSVCP140.dll
 0002:00000108       __imp_?egptr@?$basic_streambuf@DU?$char_traits@D@std@@@std@@IBEPADXZ 1000b108     msvcprt:MSVCP140.dll
 0002:0000010c       __imp_?gbump@?$basic_streambuf@DU?$char_traits@D@std@@@std@@IAEXH@Z 1000b10c     msvcprt:MSVCP140.dll
 0002:00000110       __imp_?setg@?$basic_streambuf@DU?$char_traits@D@std@@@std@@IAEXPAD00@Z 1000b110     msvcprt:MSVCP140.dll
 0002:00000114       __imp_?epptr@?$basic_streambuf@DU?$char_traits@D@std@@@std@@IBEPADXZ 1000b114     msvcprt:MSVCP140.dll
 0002:00000118       __imp_?setp@?$basic_streambuf@DU?$char_traits@D@std@@@std@@IAEXPAD0@Z 1000b118     msvcprt:MSVCP140.dll
 0002:0000011c       __imp_?setp@?$basic_streambuf@DU?$char_traits@D@std@@@std@@IAEXPAD00@Z 1000b11c     msvcprt:MSVCP140.dll
 0002:00000120       __imp_?_Pninc@?$basic_streambuf@DU?$char_traits@D@std@@@std@@IAEPADXZ 1000b120     msvcprt:MSVCP140.dll
 0002:00000124       __imp_??1?$basic_ios@DU?$char_traits@D@std@@@std@@UAE@XZ 1000b124     msvcprt:MSVCP140.dll
 0002:00000128       __imp_?setstate@?$basic_ios@DU?$char_traits@D@std@@@std@@QAEXH_N@Z 1000b128     msvcprt:MSVCP140.dll
 0002:0000012c       __imp_?rdbuf@?$basic_ios@DU?$char_traits@D@std@@@std@@QBEPAV?$basic_streambuf@DU?$char_traits@D@std@@@2@XZ 1000b12c     msvcprt:MSVCP140.dll
 0002:00000130       __imp_??0?$basic_ios@DU?$char_traits@D@std@@@std@@IAE@XZ 1000b130     msvcprt:MSVCP140.dll
 0002:00000134       __imp_??0?$basic_istream@DU?$char_traits@D@std@@@std@@QAE@PAV?$basic_streambuf@DU?$char_traits@D@std@@@1@_N@Z 1000b134     msvcprt:MSVCP140.dll
 0002:00000138       __imp_??1?$basic_istream@DU?$char_traits@D@std@@@std@@UAE@XZ 1000b138     msvcprt:MSVCP140.dll
 0002:0000013c       __imp_?_Ipfx@?$basic_istream@DU?$char_traits@D@std@@@std@@QAE_N_N@Z 1000b13c     msvcprt:MSVCP140.dll
 0002:00000140       __imp_?imbue@?$basic_streambuf@DU?$char_traits@D@std@@@std@@MAEXABVlocale@2@@Z 1000b140     msvcprt:MSVCP140.dll
 0002:00000144       __imp_?sync@?$basic_streambuf@DU?$char_traits@D@std@@@std@@MAEHXZ 1000b144     msvcprt:MSVCP140.dll
 0002:00000148       __imp_?setbuf@?$basic_streambuf@DU?$char_traits@D@std@@@std@@MAEPAV12@PAD_J@Z 1000b148     msvcprt:MSVCP140.dll
 0002:0000014c       __imp_?xsputn@?$basic_streambuf@DU?$char_traits@D@std@@@std@@MAE_JPBD_J@Z 1000b14c     msvcprt:MSVCP140.dll
 0002:00000150       __imp_?xsgetn@?$basic_streambuf@DU?$char_traits@D@std@@@std@@MAE_JPAD_J@Z 1000b150     msvcprt:MSVCP140.dll
 0002:00000154       __imp_?uflow@?$basic_streambuf@DU?$char_traits@D@std@@@std@@MAEHXZ 1000b154     msvcprt:MSVCP140.dll
 0002:00000158       \177MSVCP140_NULL_THUNK_DATA 1000b158     msvcprt:MSVCP140.dll
 0002:0000015c       __imp__MonitorFromWindow@8 1000b15c     user32:USER32.dll
 0002:00000160       __imp__GetMonitorInfoA@8   1000b160     user32:USER32.dll
 0002:00000164       __imp__FindWindowA@8       1000b164     user32:USER32.dll
 0002:00000168       __imp__SetWindowLongA@12   1000b168     user32:USER32.dll
 0002:0000016c       __imp__GetWindowLongA@8    1000b16c     user32:USER32.dll
 0002:00000170       __imp__ClipCursor@4        1000b170     user32:USER32.dll
 0002:00000174       __imp__ClientToScreen@8    1000b174     user32:USER32.dll
 0002:00000178       __imp__GetWindowRect@8     1000b178     user32:USER32.dll
 0002:0000017c       __imp__GetClientRect@8     1000b17c     user32:USER32.dll
 0002:00000180       __imp__SetWindowPos@28     1000b180     user32:USER32.dll
 0002:00000184       \177USER32_NULL_THUNK_DATA 1000b184     user32:USER32.dll
 0002:00000188       __imp____std_terminate     1000b188     vcruntime:VCRUNTIME140.dll
 0002:0000018c       __imp___except_handler4_common 1000b18c     vcruntime:VCRUNTIME140.dll
 0002:00000190       __imp____std_type_info_destroy_list 1000b190     vcruntime:VCRUNTIME140.dll
 0002:00000194       __imp__memset              1000b194     vcruntime:VCRUNTIME140.dll
 0002:00000198       __imp____std_exception_copy 1000b198     vcruntime:VCRUNTIME140.dll
 0002:0000019c       __imp____std_exception_destroy 1000b19c     vcruntime:VCRUNTIME140.dll
 0002:000001a0       __imp___CxxThrowException@8 1000b1a0     vcruntime:VCRUNTIME140.dll
 0002:000001a4       __imp____CxxFrameHandler3  1000b1a4     vcruntime:VCRUNTIME140.dll
 0002:000001a8       __imp__memchr              1000b1a8     vcruntime:VCRUNTIME140.dll
 0002:000001ac       __imp__memcpy              1000b1ac     vcruntime:VCRUNTIME140.dll
 0002:000001b0       __imp__memmove             1000b1b0     vcruntime:VCRUNTIME140.dll
 0002:000001b4       \177VCRUNTIME140_NULL_THUNK_DATA 1000b1b4     vcruntime:VCRUNTIME140.dll
 0002:000001b8       __imp__socket@12           1000b1b8     ws2_32:WS2_32.dll
 0002:000001bc       __imp__closesocket@4       1000b1bc     ws2_32:WS2_32.dll
 0002:000001c0       __imp__send@16             1000b1c0     ws2_32:WS2_32.dll
 0002:000001c4       __imp__recv@16             1000b1c4     ws2_32:WS2_32.dll
 0002:000001c8       __imp__htons@4             1000b1c8     ws2_32:WS2_32.dll
 0002:000001cc       __imp__connect@12          1000b1cc     ws2_32:WS2_32.dll
 0002:000001d0       __imp__WSAStartup@8        1000b1d0     ws2_32:WS2_32.dll
 0002:000001d4       __imp__inet_pton@12        1000b1d4     ws2_32:WS2_32.dll
 0002:000001d8       \177WS2_32_NULL_THUNK_DATA 1000b1d8     ws2_32:WS2_32.dll
 0002:000001dc       __imp__strtol              1000b1dc     ucrt:api-ms-win-crt-convert-l1-1-0.dll
 0002:000001e0       \177api-ms-win-crt-convert-l1-1-0_NULL_THUNK_DATA 1000b1e0     ucrt:api-ms-win-crt-convert-l1-1-0.dll
 0002:000001e4       __imp__free                1000b1e4     ucrt:api-ms-win-crt-heap-l1-1-0.dll
 0002:000001e8       __imp__malloc              1000b1e8     ucrt:api-ms-win-crt-heap-l1-1-0.dll
 0002:000001ec       __imp___callnewh           1000b1ec     ucrt:api-ms-win-crt-heap-l1-1-0.dll
 0002:000001f0       \177api-ms-win-crt-heap-l1-1-0_NULL_THUNK_DATA 1000b1f0     ucrt:api-ms-win-crt-heap-l1-1-0.dll
 0002:000001f4       __imp___cexit              1000b1f4     ucrt:api-ms-win-crt-runtime-l1-1-0.dll
 0002:000001f8       __imp___execute_onexit_table 1000b1f8     ucrt:api-ms-win-crt-runtime-l1-1-0.dll
 0002:000001fc       __imp___register_onexit_function 1000b1fc     ucrt:api-ms-win-crt-runtime-l1-1-0.dll
 0002:00000200       __imp___initialize_narrow_environment 1000b200     ucrt:api-ms-win-crt-runtime-l1-1-0.dll
 0002:00000204       __imp___configure_narrow_argv 1000b204     ucrt:api-ms-win-crt-runtime-l1-1-0.dll
 0002:00000208       __imp___seh_filter_dll     1000b208     ucrt:api-ms-win-crt-runtime-l1-1-0.dll
 0002:0000020c       __imp___invalid_parameter_noinfo_noreturn 1000b20c     ucrt:api-ms-win-crt-runtime-l1-1-0.dll
 0002:00000210       __imp___initterm_e         1000b210     ucrt:api-ms-win-crt-runtime-l1-1-0.dll
 0002:00000214       __imp___crt_atexit         1000b214     ucrt:api-ms-win-crt-runtime-l1-1-0.dll
 0002:00000218       __imp___beginthreadex      1000b218     ucrt:api-ms-win-crt-runtime-l1-1-0.dll
 0002:0000021c       __imp__terminate           1000b21c     ucrt:api-ms-win-crt-runtime-l1-1-0.dll
 0002:00000220       __imp___initterm           1000b220     ucrt:api-ms-win-crt-runtime-l1-1-0.dll
 0002:00000224       __imp___errno              1000b224     ucrt:api-ms-win-crt-runtime-l1-1-0.dll
 0002:00000228       __imp___initialize_onexit_table 1000b228     ucrt:api-ms-win-crt-runtime-l1-1-0.dll
 0002:0000022c       \177api-ms-win-crt-runtime-l1-1-0_NULL_THUNK_DATA 1000b22c     ucrt:api-ms-win-crt-runtime-l1-1-0.dll
 0002:00000230       ___guard_check_icall_fptr  1000b230     MSVCRT:guard_support.obj
 0002:00000234       ___castguard_check_failure_os_handled_fptr 1000b234     MSVCRT:guard_support.obj
 0002:00000238       ___xc_a                    1000b238     MSVCRT:initializers.obj
 0002:00000248       ___xc_z                    1000b248     MSVCRT:initializers.obj
 0002:0000024c       ___xi_a                    1000b24c     MSVCRT:initializers.obj
 0002:00000250       ___xi_z                    1000b250     MSVCRT:initializers.obj
 0002:00000254       ___xp_a                    1000b254     MSVCRT:initializers.obj
 0002:00000258       ___xp_z                    1000b258     MSVCRT:initializers.obj
 0002:0000025c       ___xt_a                    1000b25c     MSVCRT:initializers.obj
 0002:00000260       ___xt_z                    1000b260     MSVCRT:initializers.obj
 0002:0000026c       ??_7exception@std@@6B@     1000b26c     ipc.obj
 0002:00000274       ??_C@_0BC@EOODALEL@Unknown?5exception@ 1000b274     ipc.obj
 0002:0000028c       ??_7bad_alloc@std@@6B@     1000b28c     ipc.obj
 0002:00000298       ??_7bad_array_new_length@std@@6B@ 1000b298     ipc.obj
 0002:000002a0       ??_C@_0BF@KINCDENJ@bad?5array?5new?5length@ 1000b2a0     ipc.obj
 0002:000002b8       ??_C@_0BA@JFNIOLAK@string?5too?5long@ 1000b2b8     ipc.obj
 0002:000002c8       ??_C@_0BG@HGEDEDEC@invalid?5stoi?5argument@ 1000b2c8     ipc.obj
 0002:000002e0       ??_C@_0BL@MFFNMGGC@stoi?5argument?5out?5of?5range@ 1000b2e0     ipc.obj
 0002:000002fc       ??_C@_0N@FICICPFD@ALLOWED_MAX?5@ 1000b2fc     ipc.obj
 0002:0000030c       ??_C@_09PFCHIMEP@127?40?40?41@ 1000b30c     ipc.obj
 0002:00000318       ??_C@_0BI@CFPLBAOH@invalid?5string?5position@ 1000b318     ipc.obj
 0002:00000330       ??_C@_0BC@KBDMBKEH@deque?$DMT?$DO?5too?5long@ 1000b330     ipc.obj
 0002:00000344       ??_C@_0BA@FOIKENOD@vector?5too?5long@ 1000b344     ipc.obj
 0002:00000354       ??_C@_0BA@GIPIIFMC@LEVEL_COMPLETE?5@ 1000b354     boundary_gate.obj
 0002:00000370       ??_C@_01CLKCMJKC@?5@       1000b370     level_guard.obj
 0002:00000374       ??_C@_0BA@DCGIBLH@STAGE_COMPLETE?5@ 1000b374     level_guard.obj
 0002:00000384       ??_C@_0BB@CCKNLPNP@DEATH_LINK_SEND?5@ 1000b384     level_guard.obj
 0002:00000398       ??_C@_09MAELHJEE@APPLY_1UP@ 1000b398     level_guard.obj
 0002:000003a4       ??_C@_0CG@BBECOABG@1?9Up?5?9?9?5no?5level?5object?5yet?0?5dr@ 1000b3a4     level_guard.obj
 0002:000003cc       ??_C@_0BI@BPCHIOIA@1?9Up?5applied?5?9?9?5lives?3?5@ 1000b3cc     level_guard.obj
 0002:000003e8       ??_7?$_Func_impl_no_alloc@P6AXABV?$basic_string@DU?$char_traits@D@std@@V?$allocator@D@2@@std@@@ZXABV12@@std@@6B@ 1000b3e8     level_guard.obj
 0002:00000418       ??_C@_0P@IAGPLPH@Dash?5unblocked@ 1000b418     ability_gate.obj
 0002:00000428       ??_C@_0N@EDALHGNN@Dash?5blocked@ 1000b428     ability_gate.obj
 0002:00000438       ??_C@_0P@GLOCKMPP@Suck?5unblocked@ 1000b438     ability_gate.obj
 0002:00000448       ??_C@_0N@MAKAHPBE@Suck?5blocked@ 1000b448     ability_gate.obj
 0002:00000458       ??_C@_0O@KCBLEEKL@DASH_ENABLED?5@ 1000b458     ability_gate.obj
 0002:00000468       ??_C@_0O@EACAJFLG@SUCK_ENABLED?5@ 1000b468     ability_gate.obj
 0002:00000478       ??_C@_0CN@ECFAKDJ@DeathLink?5?9?9?5no?5valid?5fish?5poin@ 1000b478     deathlink.obj
 0002:000004a8       ??_C@_0CF@JOMHNGLD@DeathLink?5?9?9?5bonus?5content?0?5dro@ 1000b4a8     deathlink.obj
 0002:000004d0       ??_C@_0CK@DBMEDLMI@DeathLink?5?9?9?5player?5not?5spawned@ 1000b4d0     deathlink.obj
 0002:000004fc       ??_C@_0BN@BOBGNANH@DeathLink?5?9?9?5death?5triggered@ 1000b4fc     deathlink.obj
 0002:0000051c       ??_C@_0BD@PHEKALBG@DEATH_LINK_TRIGGER@ 1000b51c     deathlink.obj
 0002:00000590       ??_C@_0BN@EJHFFGFM@shuffle?3?5VirtualAlloc?5failed@ 1000b590     shuffle.obj
 0002:000005b0       ??_C@_0BI@CNEDNFMA@shuffle?3?5hook?5installed@ 1000b5b0     shuffle.obj
 0002:000005cc       ??_7?$basic_stringbuf@DU?$char_traits@D@std@@V?$allocator@D@2@@std@@6B@ 1000b5cc     shuffle.obj
 0002:0000060c       ??_7?$basic_istringstream@DU?$char_traits@D@std@@V?$allocator@D@2@@std@@6B@ 1000b60c     shuffle.obj
 0002:00000610       ??_8?$basic_istringstream@DU?$char_traits@D@std@@V?$allocator@D@2@@std@@7B@ 1000b610     shuffle.obj
 0002:00000618       ??_C@_08OFBJEBDO@SHUFFLE?5@ 1000b618     shuffle.obj
 0002:00000624       ??_C@_0CK@EHBADCJP@shuffle?3?5malformed?5SHUFFLE?5line@ 1000b624     shuffle.obj
 0002:00000650       ??_C@_0DI@DPAGIMEA@shuffle?3?5SHUFFLE?5line?5had?5wrong@ 1000b650     shuffle.obj
 0002:00000688       ??_C@_0BH@JAPKGEFP@shuffle?3?5table?5updated@ 1000b688     shuffle.obj
 0002:000006a8       ??_C@_05BIJAFGAE@Gatsu@    1000b6a8     fullscreen.obj
 0002:000006b0       ??_C@_0BO@JCMFMKFM@Borderless?5fullscreen?5applied@ 1000b6b0     fullscreen.obj
 0002:000006d0       ??_C@_0BH@JPONCHFO@Restored?5windowed?5mode@ 1000b6d0     fullscreen.obj
 0002:000006e8       ??_C@_0CA@BBIGAFME@scalemouse?3?5VirtualAlloc?5failed@ 1000b6e8     fullscreen.obj
 0002:00000708       ??_C@_0BL@MCEEJICM@scalemouse?3?5hook?5installed@ 1000b708     fullscreen.obj
 0002:00000724       ??_C@_0BJ@FEFANGGA@scalemouse?3?5hook?5removed@ 1000b724     fullscreen.obj
 0002:00000740       ??_C@_0BP@KEEBOOMH@centerfix?3?5VirtualAlloc?5failed@ 1000b740     fullscreen.obj
 0002:00000760       ??_C@_0BF@LIHILDCE@centerfix?3?5installed@ 1000b760     fullscreen.obj
 0002:00000778       ??_C@_0BE@OFAKNKIP@centerfix?3?5restored@ 1000b778     fullscreen.obj
 0002:0000078c       ??_C@_0CC@CKHDCHPC@fullscreen?3?5game?5window?5not?5fou@ 1000b78c     fullscreen.obj
 0002:000007b0       ??_C@_0BC@NBMNENOB@TOGGLE_FULLSCREEN@ 1000b7b0     fullscreen.obj
 0002:000007c8       __real@3fe0000000000000    1000b7c8     fullscreen.obj
 0002:000007d0       __real@4182c00000000000    1000b7d0     fullscreen.obj
 0002:000007d8       __real@4189000000000000    1000b7d8     fullscreen.obj
 0002:000007e4       ??_7type_info@@6B@         1000b7e4     MSVCRT:std_type_info_static.obj
 0002:000007e8       __pDefaultRawDllMain       1000b7e8     MSVCRT:dll_dllmain.obj
 0002:000007e8       __pRawDllMain              1000b7e8     MSVCRT:dll_dllmain.obj
 0002:000007ec       ??_C@_0P@GHFPNOJB@bad?5allocation@ 1000b7ec     MSVCRT:throw_bad_alloc.obj
 0002:00000808       __load_config_used         1000b808     MSVCRT:loadcfg.obj
 0002:00000900       ??_R4exception@std@@6B@    1000b900     ipc.obj
 0002:00000914       ??_R3exception@std@@8      1000b914     ipc.obj
 0002:00000924       ??_R2exception@std@@8      1000b924     ipc.obj
 0002:0000092c       ??_R1A@?0A@EA@exception@std@@8 1000b92c     ipc.obj
 0002:00000948       ??_R4bad_array_new_length@std@@6B@ 1000b948     ipc.obj
 0002:0000095c       ??_R3bad_array_new_length@std@@8 1000b95c     ipc.obj
 0002:0000096c       ??_R2bad_array_new_length@std@@8 1000b96c     ipc.obj
 0002:0000097c       ??_R1A@?0A@EA@bad_array_new_length@std@@8 1000b97c     ipc.obj
 0002:00000998       ??_R1A@?0A@EA@bad_alloc@std@@8 1000b998     ipc.obj
 0002:000009b4       ??_R3bad_alloc@std@@8      1000b9b4     ipc.obj
 0002:000009c4       ??_R2bad_alloc@std@@8      1000b9c4     ipc.obj
 0002:000009d0       ??_R4bad_alloc@std@@6B@    1000b9d0     ipc.obj
 0002:000009e4       ??_R3?$_Func_base@XABV?$basic_string@DU?$char_traits@D@std@@V?$allocator@D@2@@std@@@std@@8 1000b9e4     level_guard.obj
 0002:000009f4       ??_R2?$_Func_base@XABV?$basic_string@DU?$char_traits@D@std@@V?$allocator@D@2@@std@@@std@@8 1000b9f4     level_guard.obj
 0002:000009fc       ??_R1A@?0A@EA@?$_Func_base@XABV?$basic_string@DU?$char_traits@D@std@@V?$allocator@D@2@@std@@@std@@8 1000b9fc     level_guard.obj
 0002:00000a18       ??_R4?$_Func_impl_no_alloc@P6AXABV?$basic_string@DU?$char_traits@D@std@@V?$allocator@D@2@@std@@@ZXABV12@@std@@6B@ 1000ba18     level_guard.obj
 0002:00000a2c       ??_R3?$_Func_impl_no_alloc@P6AXABV?$basic_string@DU?$char_traits@D@std@@V?$allocator@D@2@@std@@@ZXABV12@@std@@8 1000ba2c     level_guard.obj
 0002:00000a3c       ??_R2?$_Func_impl_no_alloc@P6AXABV?$basic_string@DU?$char_traits@D@std@@V?$allocator@D@2@@std@@@ZXABV12@@std@@8 1000ba3c     level_guard.obj
 0002:00000a48       ??_R1A@?0A@EA@?$_Func_impl_no_alloc@P6AXABV?$basic_string@DU?$char_traits@D@std@@V?$allocator@D@2@@std@@@ZXABV12@@std@@8 1000ba48     level_guard.obj
 0002:00000a64       ??_R4?$basic_stringbuf@DU?$char_traits@D@std@@V?$allocator@D@2@@std@@6B@ 1000ba64     shuffle.obj
 0002:00000a78       ??_R3?$basic_stringbuf@DU?$char_traits@D@std@@V?$allocator@D@2@@std@@8 1000ba78     shuffle.obj
 0002:00000a88       ??_R2?$basic_stringbuf@DU?$char_traits@D@std@@V?$allocator@D@2@@std@@8 1000ba88     shuffle.obj
 0002:00000a94       ??_R1A@?0A@EA@?$basic_stringbuf@DU?$char_traits@D@std@@V?$allocator@D@2@@std@@8 1000ba94     shuffle.obj
 0002:00000ab0       ??_R1A@?0A@EA@?$basic_streambuf@DU?$char_traits@D@std@@@std@@8 1000bab0     shuffle.obj
 0002:00000acc       ??_R3?$basic_streambuf@DU?$char_traits@D@std@@@std@@8 1000bacc     shuffle.obj
 0002:00000adc       ??_R2?$basic_streambuf@DU?$char_traits@D@std@@@std@@8 1000badc     shuffle.obj
 0002:00000ae4       ??_R4?$basic_istringstream@DU?$char_traits@D@std@@V?$allocator@D@2@@std@@6B@ 1000bae4     shuffle.obj
 0002:00000af8       ??_R3?$basic_istringstream@DU?$char_traits@D@std@@V?$allocator@D@2@@std@@8 1000baf8     shuffle.obj
 0002:00000b08       ??_R2?$basic_istringstream@DU?$char_traits@D@std@@V?$allocator@D@2@@std@@8 1000bb08     shuffle.obj
 0002:00000b20       ??_R1A@?0A@EA@?$basic_istringstream@DU?$char_traits@D@std@@V?$allocator@D@2@@std@@8 1000bb20     shuffle.obj
 0002:00000b3c       ??_R1A@?0A@EA@?$basic_istream@DU?$char_traits@D@std@@@std@@8 1000bb3c     shuffle.obj
 0002:00000b58       ??_R3?$basic_istream@DU?$char_traits@D@std@@@std@@8 1000bb58     shuffle.obj
 0002:00000b68       ??_R2?$basic_istream@DU?$char_traits@D@std@@@std@@8 1000bb68     shuffle.obj
 0002:00000b7c       ??_R1A@A@3FA@?$basic_ios@DU?$char_traits@D@std@@@std@@8 1000bb7c     shuffle.obj
 0002:00000b98       ??_R3?$basic_ios@DU?$char_traits@D@std@@@std@@8 1000bb98     shuffle.obj
 0002:00000ba8       ??_R2?$basic_ios@DU?$char_traits@D@std@@@std@@8 1000bba8     shuffle.obj
 0002:00000bb8       ??_R1A@?0A@EA@?$basic_ios@DU?$char_traits@D@std@@@std@@8 1000bbb8     shuffle.obj
 0002:00000bd4       ??_R1A@?0A@EA@ios_base@std@@8 1000bbd4     shuffle.obj
 0002:00000bf0       ??_R3ios_base@std@@8       1000bbf0     shuffle.obj
 0002:00000c00       ??_R2ios_base@std@@8       1000bc00     shuffle.obj
 0002:00000c0c       ??_R17?0A@EA@?$_Iosb@H@std@@8 1000bc0c     shuffle.obj
 0002:00000c28       ??_R3?$_Iosb@H@std@@8      1000bc28     shuffle.obj
 0002:00000c38       ??_R2?$_Iosb@H@std@@8      1000bc38     shuffle.obj
 0002:00000c40       ??_R1A@?0A@EA@?$_Iosb@H@std@@8 1000bc40     shuffle.obj
 0002:00000c5c       ??_R1A@A@3EA@ios_base@std@@8 1000bc5c     shuffle.obj
 0002:00000c78       ??_R17A@3EA@?$_Iosb@H@std@@8 1000bc78     shuffle.obj
 0002:00000c94       ??_R4type_info@@6B@        1000bc94     MSVCRT:std_type_info_static.obj
 0002:00000ca8       ??_R3type_info@@8          1000bca8     MSVCRT:std_type_info_static.obj
 0002:00000cb8       ??_R2type_info@@8          1000bcb8     MSVCRT:std_type_info_static.obj
 0002:00000cc0       ??_R1A@?0A@EA@type_info@@8 1000bcc0     MSVCRT:std_type_info_static.obj
 0002:00000cdc       ___safe_se_handler_table   1000bcdc     <linker-defined>
 0002:00000d40       ___volatile_metadata       1000bd40     <linker-defined>
 0002:00001148       ___rtc_iaa                 1000c148     MSVCRT:initsect.obj
 0002:0000114c       ___rtc_izz                 1000c14c     MSVCRT:initsect.obj
 0002:00001150       ___rtc_taa                 1000c150     MSVCRT:initsect.obj
 0002:00001154       ___rtc_tzz                 1000c154     MSVCRT:initsect.obj
 0002:00001340       __CT??_R0?AVexception@std@@@8??0exception@std@@QAE@ABV01@@Z12 1000c340     ipc.obj
 0002:0000135c       __TI3?AVbad_array_new_length@std@@ 1000c35c     ipc.obj
 0002:0000136c       __CTA3?AVbad_array_new_length@std@@ 1000c36c     ipc.obj
 0002:0000137c       __CT??_R0?AVbad_array_new_length@std@@@8??0bad_array_new_length@std@@QAE@ABV01@@Z12 1000c37c     ipc.obj
 0002:00001398       __CT??_R0?AVbad_alloc@std@@@8??0bad_alloc@std@@QAE@ABV01@@Z12 1000c398     ipc.obj
 0002:0000183c       __TI2?AVbad_alloc@std@@    1000c83c     MSVCRT:throw_bad_alloc.obj
 0002:0000184c       __CTA2?AVbad_alloc@std@@   1000c84c     MSVCRT:throw_bad_alloc.obj
 0002:00001858       __IMPORT_DESCRIPTOR_WS2_32 1000c858     ws2_32:WS2_32.dll
 0002:0000186c       __IMPORT_DESCRIPTOR_KERNEL32 1000c86c     kernel32:KERNEL32.dll
 0002:00001880       __IMPORT_DESCRIPTOR_USER32 1000c880     user32:USER32.dll
 0002:00001894       __IMPORT_DESCRIPTOR_MSVCP140 1000c894     msvcprt:MSVCP140.dll
 0002:000018a8       __IMPORT_DESCRIPTOR_VCRUNTIME140 1000c8a8     vcruntime:VCRUNTIME140.dll
 0002:000018bc       __IMPORT_DESCRIPTOR_api-ms-win-crt-runtime-l1-1-0 1000c8bc     ucrt:api-ms-win-crt-runtime-l1-1-0.dll
 0002:000018d0       __IMPORT_DESCRIPTOR_api-ms-win-crt-convert-l1-1-0 1000c8d0     ucrt:api-ms-win-crt-convert-l1-1-0.dll
 0002:000018e4       __IMPORT_DESCRIPTOR_api-ms-win-crt-heap-l1-1-0 1000c8e4     ucrt:api-ms-win-crt-heap-l1-1-0.dll
 0002:000018f8       __NULL_IMPORT_DESCRIPTOR   1000c8f8     ws2_32:WS2_32.dll
 0003:00000000       ?g_allowed_max@ipc@@3U?$atomic@H@std@@A 1000e000     ipc.obj
 0003:00000034       ?g_deathlink_suppress_lives@state@@3HC 1000e034     state.obj
 0003:00000038       _hde32_table               1000e038     minhook.x32:hde32.obj
 0003:0000023c       ___scrt_native_dllmain_reason 1000e23c     MSVCRT:utility.obj
 0003:00000240       ___security_cookie         1000e240     MSVCRT:gs_cookie.obj
 0003:00000280       ___security_cookie_complement 1000e280     MSVCRT:gs_cookie.obj
 0003:00000284       __fltused                  1000e284     MSVCRT:fltused.obj
 0003:00000288       ___isa_inverted            1000e288     MSVCRT:cpu_disp.obj
 0003:00000290       ___isa_enabled             1000e290     MSVCRT:cpu_disp.obj
 0003:000002a0       ___scrt_ucrt_dll_is_in_use 1000e2a0     MSVCRT:ucrt_stubs.obj
 0003:000002a8       ??_R0?AVexception@std@@@8  1000e2a8     ipc.obj
 0003:000002c4       ??_R0?AVbad_array_new_length@std@@@8 1000e2c4     ipc.obj
 0003:000002ec       ??_R0?AVbad_alloc@std@@@8  1000e2ec     ipc.obj
 0003:00000308       ??_R0P6AXABV?$basic_string@DU?$char_traits@D@std@@V?$allocator@D@2@@std@@@Z@8 1000e308     level_guard.obj
 0003:00000358       ??_R0?AV?$_Func_base@XABV?$basic_string@DU?$char_traits@D@std@@V?$allocator@D@2@@std@@@std@@@8 1000e358     level_guard.obj
 0003:000003c0       ??_R0?AV?$_Func_impl_no_alloc@P6AXABV?$basic_string@DU?$char_traits@D@std@@V?$allocator@D@2@@std@@@ZXABV12@@std@@@8 1000e3c0     level_guard.obj
 0003:00000438       ??_R0?AV?$basic_stringbuf@DU?$char_traits@D@std@@V?$allocator@D@2@@std@@@8 1000e438     shuffle.obj
 0003:00000488       ??_R0?AV?$basic_streambuf@DU?$char_traits@D@std@@@std@@@8 1000e488     shuffle.obj
 0003:000004c8       ??_R0?AV?$basic_istringstream@DU?$char_traits@D@std@@V?$allocator@D@2@@std@@@8 1000e4c8     shuffle.obj
 0003:0000051c       ??_R0?AV?$basic_istream@DU?$char_traits@D@std@@@std@@@8 1000e51c     shuffle.obj
 0003:00000558       ??_R0?AV?$basic_ios@DU?$char_traits@D@std@@@std@@@8 1000e558     shuffle.obj
 0003:00000590       ??_R0?AVios_base@std@@@8   1000e590     shuffle.obj
 0003:000005ac       ??_R0?AV?$_Iosb@H@std@@@8  1000e5ac     shuffle.obj
 0003:000005c8       ??_R0?AVtype_info@@@8      1000e5c8     MSVCRT:std_type_info_static.obj
 0003:00000628       ?g_level_obj@state@@3HC    1000e628     state.obj
 0003:0000062c       ?g_player_fish@state@@3HC  1000e62c     state.obj
 0003:00000630       ?g_sub_object@state@@3HC   1000e630     state.obj
 0003:00000634       ?g_boss_hp_addr@state@@3HC 1000e634     state.obj
 0003:00000638       ?g_shuffle_active@state@@3_NC 1000e638     state.obj
 0003:0000063c       ?g_shuffle_table@state@@3RCEC 1000e63c     state.obj
 0003:000006d0       ___scrt_current_native_startup_state 1000e6d0     MSVCRT:utility.obj
 0003:000006d4       ___scrt_native_startup_lock 1000e6d4     MSVCRT:utility.obj
 0003:000006f8       ___avx10_version           1000e6f8     MSVCRT:cpu_disp.obj
 0003:000006fc       ___isa_available           1000e6fc     MSVCRT:cpu_disp.obj
 0003:00000700       ___favor                   1000e700     MSVCRT:cpu_disp.obj
 0003:00000704       ___scrt_debugger_hook_flag 1000e704     MSVCRT:utility_desktop.obj
 0003:00000a28       ?__type_info_root_node@@3U__type_info_node@@A 1000ea28     MSVCRT:tncleanup.obj
 0003:00000a30       ?_OptionsStorage@?1??__local_stdio_printf_options@@9@4_KA 1000ea30     MSVCRT:default_local_stdio_options.obj
 0003:00000a38       ?_OptionsStorage@?1??__local_stdio_scanf_options@@9@4_KA 1000ea38     MSVCRT:default_local_stdio_options.obj
 0003:00000a40       ___dyn_tls_init_callback   1000ea40     <common>

 entry point at        0001:000089f7

 Static symbols

 0001:00000000       ??__Eg_handlers@?A0x53e96e7a@ipc@@YAXXZ 10001000 f   ipc.obj
 0001:00000010       ??__Eg_send_cv@?A0x53e96e7a@ipc@@YAXXZ 10001010 f   ipc.obj
 0001:00000030       ??__Eg_send_queue@?A0x53e96e7a@ipc@@YAXXZ 10001030 f   ipc.obj
 0001:00000060       ?WorkerThread@?A0xb251b831@@YGKPAX@Z 10001060 f   dllmain.obj
 0001:00000950       ?ConnectLoop@?A0x53e96e7a@ipc@@YAXXZ 10001950 f   ipc.obj
 0001:00000ba0       ?FlushSendQueue@?A0x53e96e7a@ipc@@YAXI@Z 10001ba0 f   ipc.obj
 0001:00000eb0       ?HandleLine@?A0x53e96e7a@ipc@@YAXABV?$basic_string@DU?$char_traits@D@std@@V?$allocator@D@2@@std@@@Z 10001eb0 f   ipc.obj
 0001:0000103f       __catch$?HandleLine@?A0x53e96e7a@ipc@@YAXABV?$basic_string@DU?$char_traits@D@std@@V?$allocator@D@2@@std@@@Z$0 1000203f f   ipc.obj
 0001:00001550       ?RunConnection@?A0x53e96e7a@ipc@@YAXXZ 10002550 f   ipc.obj
 0001:00001ab0       ?SenderThread@?A0x53e96e7a@ipc@@YAXIAAU?$atomic@_N@std@@@Z 10002ab0 f   ipc.obj
 0001:000024a4       $LN23                      100034a4     state.obj
 0001:000024ac       $LN22                      100034ac     state.obj
 0001:000025f0       ?Detour_LevelSelectWrite@?A0x425a29a9@hooks@@YAXXZ 100035f0 f   boundary_gate.obj
 0001:00002610       ?Detour_UpdateMaxStage@?A0x425a29a9@hooks@@YAXXZ 10003610 f   boundary_gate.obj
 0001:00002b90       ?Detour_LevelInit@?A0x7bfb7c99@hooks@@YAXXZ 10003b90 f   level_guard.obj
 0001:00002ba0       ?HandleLine@?A0x7bfb7c99@hooks@@YAXABV?$basic_string@DU?$char_traits@D@std@@V?$allocator@D@2@@std@@@Z 10003ba0 f   level_guard.obj
 0001:00002f20       ?PollLoop@?A0x7bfb7c99@hooks@@YAXXZ 10003f20 f   level_guard.obj
 0001:00003ac0       ?Detour_PlayerFishEntry@?A0x5dd69b6e@hooks@@YAXXZ 10004ac0 f   player_fish.obj
 0001:00003b20       ?HandleLine@?A0x46bfac04@hooks@@YAXABV?$basic_string@DU?$char_traits@D@std@@V?$allocator@D@2@@std@@@Z 10004b20 f   ability_gate.obj
 0001:00003bd0       ?SetDashEnabled@?A0x46bfac04@hooks@@YAX_N@Z 10004bd0 f   ability_gate.obj
 0001:00003cf0       ?SetSuckEnabled@?A0x46bfac04@hooks@@YAX_N@Z 10004cf0 f   ability_gate.obj
 0001:00003e10       ?HandleLine@?A0x54500630@hooks@@YAXABV?$basic_string@DU?$char_traits@D@std@@V?$allocator@D@2@@std@@@Z 10004e10 f   deathlink.obj
 0001:00003ec0       ?TriggerDeathLink@?A0x54500630@hooks@@YAXXZ 10004ec0 f   deathlink.obj
 0001:000041a0       ?Detour_BossHp@?A0x304fa003@hooks@@YAXXZ 100051a0 f   boss_hp.obj
 0001:00004310       __catch$??$getline@DU?$char_traits@D@std@@V?$allocator@D@2@@std@@YAAAV?$basic_istream@DU?$char_traits@D@std@@@0@$$QAV10@AAV?$basic_string@DU?$char_traits@D@std@@V?$allocator@D@2@@0@D@Z$0 10005310 f i shuffle.obj
 0001:000045e0       ?HandleLine@?A0x58569c07@hooks@@YAXABV?$basic_string@DU?$char_traits@D@std@@V?$allocator@D@2@@std@@@Z 100055e0 f   shuffle.obj
 0001:00004909       __catch$?HandleLine@?A0x58569c07@hooks@@YAXABV?$basic_string@DU?$char_traits@D@std@@V?$allocator@D@2@@std@@@Z$0 10005909 f   shuffle.obj
 0001:00004ce0       ?InstallSitesIfNeeded@?A0x58569c07@hooks@@YAXXZ 10005ce0 f   shuffle.obj
 0001:000058c0       ?BuildCenterfixCave@?A0x3835a29d@hooks@@YA?AV?$vector@EV?$allocator@E@std@@@std@@I@Z 100068c0 f   fullscreen.obj
 0001:00005b00       ?BuildMouseCave@?A0x3835a29d@hooks@@YA?AV?$vector@EV?$allocator@E@std@@@std@@II@Z 10006b00 f   fullscreen.obj
 0001:00005fa0       ?HandleLine@?A0x3835a29d@hooks@@YAXABV?$basic_string@DU?$char_traits@D@std@@V?$allocator@D@2@@std@@@Z 10006fa0 f   fullscreen.obj
 0001:00006020       ?InstallCenterfix@?A0x3835a29d@hooks@@YAXPAUHWND__@@I@Z 10007020 f   fullscreen.obj
 0001:000062c0       ?InstallMouseScale@?A0x3835a29d@hooks@@YAXPAUHWND__@@I@Z 100072c0 f   fullscreen.obj
 0001:00006580       ?ToggleFullscreen@?A0x3835a29d@hooks@@YAXXZ 10007580 f   fullscreen.obj
 0001:00006b70       _EnableAllHooksLL          10007b70 f   minhook.x32:hook.obj
 0001:00006c30       _EnableHook                10007c30 f   minhook.x32:hook.obj
 0001:00006cf0       _EnableHookLL              10007cf0 f   minhook.x32:hook.obj
 0001:00006dd0       _EnterSpinLock             10007dd0 f   minhook.x32:hook.obj
 0001:00006e20       _FindHookEntry             10007e20 f   minhook.x32:hook.obj
 0001:00006e60       _Freeze                    10007e60 f   minhook.x32:hook.obj
 0001:000072b0       _ProcessThreadIPs          100082b0 f   minhook.x32:hook.obj
 0001:00007420       _Unfreeze                  10008420 f   minhook.x32:hook.obj
 0001:000078b0       _IsCodePadding             100088b0 f   minhook.x32:trampoline.obj
 0001:00007e78       $LN150                     10008e78     minhook.x32:hde32.obj
 0001:00007e94       $LN149                     10008e94     minhook.x32:hde32.obj
 0001:00007f64       $LN151                     10008f64     minhook.x32:hde32.obj
 0001:00007f74       $LN153                     10008f74     minhook.x32:hde32.obj
 0001:00007f84       $LN152                     10008f84     minhook.x32:hde32.obj
 0001:0000819f       ?find_pe_section@@YAPAU_IMAGE_SECTION_HEADER@@QAEI@Z 1000919f f   MSVCRT:utility.obj
 0001:000084d0       $$000000                   100094d0     MSVCRT:lldiv.obj
 0001:000084f1       L1                         100094f1     MSVCRT:lldiv.obj
 0001:0000850d       L2                         1000950d     MSVCRT:lldiv.obj
 0001:00008529       L3                         10009529     MSVCRT:lldiv.obj
 0001:00008537       L5                         10009537     MSVCRT:lldiv.obj
 0001:00008565       L6                         10009565     MSVCRT:lldiv.obj
 0001:00008566       L7                         10009566     MSVCRT:lldiv.obj
 0001:0000856a       L4                         1000956a     MSVCRT:lldiv.obj
 0001:00008574       L8                         10009574     MSVCRT:lldiv.obj
 0001:00008580       $$000000                   10009580     MSVCRT:lldvrm.obj
 0001:000085a4       L1                         100095a4     MSVCRT:lldvrm.obj
 0001:000085c0       L2                         100095c0     MSVCRT:lldvrm.obj
 0001:000085ec       L3                         100095ec     MSVCRT:lldvrm.obj
 0001:000085fa       L5                         100095fa     MSVCRT:lldvrm.obj
 0001:00008628       L6                         10009628     MSVCRT:lldvrm.obj
 0001:00008631       L7                         10009631     MSVCRT:lldvrm.obj
 0001:00008633       L4                         10009633     MSVCRT:lldvrm.obj
 0001:00008645       L9                         10009645     MSVCRT:lldvrm.obj
 0001:00008659       L8                         10009659     MSVCRT:lldvrm.obj
 0001:00008660       $$000000                   10009660     MSVCRT:llmul.obj
 0001:00008679       hard                       10009679     MSVCRT:llmul.obj
 0001:000086b7       ?dllmain_crt_dispatch@@YGHQAUHINSTANCE__@@KQAX@Z 100096b7 f   MSVCRT:dll_dllmain.obj
 0001:0000870a       ?dllmain_crt_process_attach@@YAHQAUHINSTANCE__@@QAX@Z 1000970a f   MSVCRT:dll_dllmain.obj
 0001:00008811       ?dllmain_crt_process_detach@@YAH_N@Z 10009811 f   MSVCRT:dll_dllmain.obj
 0001:000088c1       ?dllmain_dispatch@@YAHQAUHINSTANCE__@@KQAX@Z 100098c1 f   MSVCRT:dll_dllmain.obj
 0001:000089cc       ?dllmain_raw@@YGHQAUHINSTANCE__@@KQAX@Z 100099cc f   MSVCRT:dll_dllmain.obj
 0001:00008eb0       $$000000                   10009eb0     MSVCRT:sehprolg4.obj
 0001:00009047       ___get_entropy             1000a047 f   MSVCRT:gs_support.obj
 0001:00009290       __ehhandler$??$_Invoke@V?$tuple@P6AXIAAU?$atomic@_N@std@@@ZIV?$reference_wrapper@U?$atomic@_N@std@@@2@@std@@$0A@$00$01@thread@std@@CGIPAX@Z 1000a290 f   ipc.obj
 0001:00009290       __ehhandler$??$_Invoke@V?$tuple@P6AXXZ@std@@$0A@@thread@std@@CGIPAX@Z 1000a290 f   ipc.obj
 0001:000092b0       __unwindfunclet$?FlushSendQueue@?A0x53e96e7a@ipc@@YAXI@Z$0 1000a2b0 f   ipc.obj
 0001:000092b8       __unwindfunclet$?FlushSendQueue@?A0x53e96e7a@ipc@@YAXI@Z$1 1000a2b8 f   ipc.obj
 0001:000092c5       __ehhandler$?FlushSendQueue@?A0x53e96e7a@ipc@@YAXI@Z 1000a2c5 f   ipc.obj
 0001:000092f0       __unwindfunclet$?HandleLine@?A0x53e96e7a@ipc@@YAXABV?$basic_string@DU?$char_traits@D@std@@V?$allocator@D@2@@std@@@Z$2 1000a2f0 f   ipc.obj
 0001:000092fd       __ehhandler$?HandleLine@?A0x53e96e7a@ipc@@YAXABV?$basic_string@DU?$char_traits@D@std@@V?$allocator@D@2@@std@@@Z 1000a2fd f   ipc.obj
 0001:00009330       __unwindfunclet$?Init@ipc@@YAXXZ$1 1000a330 f   ipc.obj
 0001:00009338       __unwindfunclet$?Init@ipc@@YAXXZ$0 1000a338 f   ipc.obj
 0001:00009345       __ehhandler$?Init@ipc@@YAXXZ 1000a345 f   ipc.obj
 0001:00009370       __unwindfunclet$?Log@ipc@@YAXABV?$basic_string@DU?$char_traits@D@std@@V?$allocator@D@2@@std@@@Z$0 1000a370 f   ipc.obj
 0001:00009378       __unwindfunclet$?Log@ipc@@YAXABV?$basic_string@DU?$char_traits@D@std@@V?$allocator@D@2@@std@@@Z$4 1000a378 f   ipc.obj
 0001:00009385       __ehhandler$?Log@ipc@@YAXABV?$basic_string@DU?$char_traits@D@std@@V?$allocator@D@2@@std@@@Z 1000a385 f   ipc.obj
 0001:000093b0       __unwindfunclet$?QueueSend@ipc@@YAXABV?$basic_string@DU?$char_traits@D@std@@V?$allocator@D@2@@std@@@Z$0 1000a3b0 f   ipc.obj
 0001:000093bd       __ehhandler$?QueueSend@ipc@@YAXABV?$basic_string@DU?$char_traits@D@std@@V?$allocator@D@2@@std@@@Z 1000a3bd f   ipc.obj
 0001:000093e0       __unwindfunclet$?RegisterHandler@ipc@@YAXV?$function@$$A6AXABV?$basic_string@DU?$char_traits@D@std@@V?$allocator@D@2@@std@@@Z@std@@@Z$0 1000a3e0 f   ipc.obj
 0001:000093ed       __ehhandler$?RegisterHandler@ipc@@YAXV?$function@$$A6AXABV?$basic_string@DU?$char_traits@D@std@@V?$allocator@D@2@@std@@@Z@std@@@Z 1000a3ed f   ipc.obj
 0001:00009410       __unwindfunclet$?RunConnection@?A0x53e96e7a@ipc@@YAXXZ$8 1000a410 f   ipc.obj
 0001:0000941b       __unwindfunclet$?RunConnection@?A0x53e96e7a@ipc@@YAXXZ$0 1000a41b f   ipc.obj
 0001:00009426       __unwindfunclet$?RunConnection@?A0x53e96e7a@ipc@@YAXXZ$1 1000a426 f   ipc.obj
 0001:00009431       __unwindfunclet$?RunConnection@?A0x53e96e7a@ipc@@YAXXZ$2 1000a431 f   ipc.obj
 0001:00009441       __ehhandler$?RunConnection@?A0x53e96e7a@ipc@@YAXXZ 1000a441 f   ipc.obj
 0001:00009470       __unwindfunclet$?SenderThread@?A0x53e96e7a@ipc@@YAXIAAU?$atomic@_N@std@@@Z$0 1000a470 f   ipc.obj
 0001:0000947d       __ehhandler$?SenderThread@?A0x53e96e7a@ipc@@YAXIAAU?$atomic@_N@std@@@Z 1000a47d f   ipc.obj
 0001:000094a0       __unwindfunclet$?HandleLine@?A0x7bfb7c99@hooks@@YAXABV?$basic_string@DU?$char_traits@D@std@@V?$allocator@D@2@@std@@@Z$0 1000a4a0 f   level_guard.obj
 0001:000094a8       __unwindfunclet$?HandleLine@?A0x7bfb7c99@hooks@@YAXABV?$basic_string@DU?$char_traits@D@std@@V?$allocator@D@2@@std@@@Z$1 1000a4a8 f   level_guard.obj
 0001:000094b0       __unwindfunclet$?HandleLine@?A0x7bfb7c99@hooks@@YAXABV?$basic_string@DU?$char_traits@D@std@@V?$allocator@D@2@@std@@@Z$2 1000a4b0 f   level_guard.obj
 0001:000094bd       __ehhandler$?HandleLine@?A0x7bfb7c99@hooks@@YAXABV?$basic_string@DU?$char_traits@D@std@@V?$allocator@D@2@@std@@@Z 1000a4bd f   level_guard.obj
 0001:000094f0       __unwindfunclet$?InstallLevelGuard@hooks@@YA_NXZ$2 1000a4f0 f   level_guard.obj
 0001:000094f8       __unwindfunclet$?InstallLevelGuard@hooks@@YA_NXZ$1 1000a4f8 f   level_guard.obj
 0001:00009505       __ehhandler$?InstallLevelGuard@hooks@@YA_NXZ 1000a505 f   level_guard.obj
 0001:00009530       __unwindfunclet$?PollLoop@?A0x7bfb7c99@hooks@@YAXXZ$0 1000a530 f   level_guard.obj
 0001:00009538       __unwindfunclet$?PollLoop@?A0x7bfb7c99@hooks@@YAXXZ$1 1000a538 f   level_guard.obj
 0001:00009540       __unwindfunclet$?PollLoop@?A0x7bfb7c99@hooks@@YAXXZ$2 1000a540 f   level_guard.obj
 0001:0000954b       __unwindfunclet$?PollLoop@?A0x7bfb7c99@hooks@@YAXXZ$3 1000a54b f   level_guard.obj
 0001:00009556       __unwindfunclet$?PollLoop@?A0x7bfb7c99@hooks@@YAXXZ$4 1000a556 f   level_guard.obj
 0001:0000955e       __unwindfunclet$?PollLoop@?A0x7bfb7c99@hooks@@YAXXZ$5 1000a55e f   level_guard.obj
 0001:00009566       __unwindfunclet$?PollLoop@?A0x7bfb7c99@hooks@@YAXXZ$6 1000a566 f   level_guard.obj
 0001:00009571       __unwindfunclet$?PollLoop@?A0x7bfb7c99@hooks@@YAXXZ$7 1000a571 f   level_guard.obj
 0001:0000957c       __unwindfunclet$?PollLoop@?A0x7bfb7c99@hooks@@YAXXZ$8 1000a57c f   level_guard.obj
 0001:00009584       __unwindfunclet$?PollLoop@?A0x7bfb7c99@hooks@@YAXXZ$9 1000a584 f   level_guard.obj
 0001:0000958c       __unwindfunclet$?PollLoop@?A0x7bfb7c99@hooks@@YAXXZ$10 1000a58c f   level_guard.obj
 0001:00009597       __unwindfunclet$?PollLoop@?A0x7bfb7c99@hooks@@YAXXZ$11 1000a597 f   level_guard.obj
 0001:000095a7       __ehhandler$?PollLoop@?A0x7bfb7c99@hooks@@YAXXZ 1000a5a7 f   level_guard.obj
 0001:000095e0       __unwindfunclet$?SetDashEnabled@?A0x46bfac04@hooks@@YAX_N@Z$0 1000a5e0 f   ability_gate.obj
 0001:000095e0       __unwindfunclet$?SetSuckEnabled@?A0x46bfac04@hooks@@YAX_N@Z$0 1000a5e0 f   ability_gate.obj
 0001:000095ed       __ehhandler$?SetDashEnabled@?A0x46bfac04@hooks@@YAX_N@Z 1000a5ed f   ability_gate.obj
 0001:000095ed       __ehhandler$?SetSuckEnabled@?A0x46bfac04@hooks@@YAX_N@Z 1000a5ed f   ability_gate.obj
 0001:00009620       __unwindfunclet$?TriggerDeathLink@?A0x54500630@hooks@@YAXXZ$1 1000a620 f   deathlink.obj
 0001:00009628       __unwindfunclet$?TriggerDeathLink@?A0x54500630@hooks@@YAXXZ$2 1000a628 f   deathlink.obj
 0001:00009630       __unwindfunclet$?TriggerDeathLink@?A0x54500630@hooks@@YAXXZ$3 1000a630 f   deathlink.obj
 0001:00009638       __unwindfunclet$?TriggerDeathLink@?A0x54500630@hooks@@YAXXZ$0 1000a638 f   deathlink.obj
 0001:00009645       __ehhandler$?TriggerDeathLink@?A0x54500630@hooks@@YAXXZ 1000a645 f   deathlink.obj
 0001:00009670       __unwindfunclet$??$getline@DU?$char_traits@D@std@@V?$allocator@D@2@@std@@YAAAV?$basic_istream@DU?$char_traits@D@std@@@0@$$QAV10@AAV?$basic_string@DU?$char_traits@D@std@@V?$allocator@D@2@@0@D@Z$3 1000a670 f   shuffle.obj
 0001:00009678       __unwindfunclet$??$getline@DU?$char_traits@D@std@@V?$allocator@D@2@@std@@YAAAV?$basic_istream@DU?$char_traits@D@std@@@0@$$QAV10@AAV?$basic_string@DU?$char_traits@D@std@@V?$allocator@D@2@@0@D@Z$2 1000a678 f   shuffle.obj
 0001:00009685       __ehhandler$??$getline@DU?$char_traits@D@std@@V?$allocator@D@2@@std@@YAAAV?$basic_istream@DU?$char_traits@D@std@@@0@$$QAV10@AAV?$basic_string@DU?$char_traits@D@std@@V?$allocator@D@2@@0@D@Z 1000a685 f   shuffle.obj
 0001:000096b0       __ehhandler$??1_Sentry_base@?$basic_istream@DU?$char_traits@D@std@@@std@@QAE@XZ 1000a6b0 f   shuffle.obj
 0001:000096d0       __ehhandler$??1sentry@?$basic_istream@DU?$char_traits@D@std@@@std@@QAE@XZ 1000a6d0 f   shuffle.obj
 0001:000096f0       __unwindfunclet$?HandleLine@?A0x58569c07@hooks@@YAXABV?$basic_string@DU?$char_traits@D@std@@V?$allocator@D@2@@std@@@Z$2 1000a6f0 f   shuffle.obj
 0001:000096f8       __unwindfunclet$?HandleLine@?A0x58569c07@hooks@@YAXABV?$basic_string@DU?$char_traits@D@std@@V?$allocator@D@2@@std@@@Z$16 1000a6f8 f   shuffle.obj
 0001:0000971b       __unwindfunclet$?HandleLine@?A0x58569c07@hooks@@YAXABV?$basic_string@DU?$char_traits@D@std@@V?$allocator@D@2@@std@@@Z$17 1000a71b f   shuffle.obj
 0001:00009727       __unwindfunclet$?HandleLine@?A0x58569c07@hooks@@YAXABV?$basic_string@DU?$char_traits@D@std@@V?$allocator@D@2@@std@@@Z$19 1000a727 f   shuffle.obj
 0001:00009733       __unwindfunclet$?HandleLine@?A0x58569c07@hooks@@YAXABV?$basic_string@DU?$char_traits@D@std@@V?$allocator@D@2@@std@@@Z$3 1000a733 f   shuffle.obj
 0001:0000973e       __unwindfunclet$?HandleLine@?A0x58569c07@hooks@@YAXABV?$basic_string@DU?$char_traits@D@std@@V?$allocator@D@2@@std@@@Z$4 1000a73e f   shuffle.obj
 0001:00009746       __unwindfunclet$?HandleLine@?A0x58569c07@hooks@@YAXABV?$basic_string@DU?$char_traits@D@std@@V?$allocator@D@2@@std@@@Z$5 1000a746 f   shuffle.obj
 0001:0000974e       __unwindfunclet$?HandleLine@?A0x58569c07@hooks@@YAXABV?$basic_string@DU?$char_traits@D@std@@V?$allocator@D@2@@std@@@Z$6 1000a74e f   shuffle.obj
 0001:00009756       __unwindfunclet$?HandleLine@?A0x58569c07@hooks@@YAXABV?$basic_string@DU?$char_traits@D@std@@V?$allocator@D@2@@std@@@Z$7 1000a756 f   shuffle.obj
 0001:00009766       __ehhandler$?HandleLine@?A0x58569c07@hooks@@YAXABV?$basic_string@DU?$char_traits@D@std@@V?$allocator@D@2@@std@@@Z 1000a766 f   shuffle.obj
 0001:00009790       __unwindfunclet$?InstallSitesIfNeeded@?A0x58569c07@hooks@@YAXXZ$0 1000a790 f   shuffle.obj
 0001:00009798       __unwindfunclet$?InstallSitesIfNeeded@?A0x58569c07@hooks@@YAXXZ$1 1000a798 f   shuffle.obj
 0001:000097a5       __ehhandler$?InstallSitesIfNeeded@?A0x58569c07@hooks@@YAXXZ 1000a7a5 f   shuffle.obj
 0001:000097d0       __unwindfunclet$?BuildCenterfixCave@?A0x3835a29d@hooks@@YA?AV?$vector@EV?$allocator@E@std@@@std@@I@Z$0 1000a7d0 f   fullscreen.obj
 0001:000097ee       __ehhandler$?BuildCenterfixCave@?A0x3835a29d@hooks@@YA?AV?$vector@EV?$allocator@E@std@@@std@@I@Z 1000a7ee f   fullscreen.obj
 0001:00009810       __unwindfunclet$?BuildMouseCave@?A0x3835a29d@hooks@@YA?AV?$vector@EV?$allocator@E@std@@@std@@II@Z$0 1000a810 f   fullscreen.obj
 0001:00009818       __unwindfunclet$?BuildMouseCave@?A0x3835a29d@hooks@@YA?AV?$vector@EV?$allocator@E@std@@@std@@II@Z$1 1000a818 f   fullscreen.obj
 0001:00009836       __ehhandler$?BuildMouseCave@?A0x3835a29d@hooks@@YA?AV?$vector@EV?$allocator@E@std@@@std@@II@Z 1000a836 f   fullscreen.obj
 0001:00009860       __unwindfunclet$?InstallCenterfix@?A0x3835a29d@hooks@@YAXPAUHWND__@@I@Z$0 1000a860 f   fullscreen.obj
 0001:00009868       __unwindfunclet$?InstallCenterfix@?A0x3835a29d@hooks@@YAXPAUHWND__@@I@Z$1 1000a868 f   fullscreen.obj
 0001:00009870       __unwindfunclet$?InstallCenterfix@?A0x3835a29d@hooks@@YAXPAUHWND__@@I@Z$2 1000a870 f   fullscreen.obj
 0001:0000987d       __ehhandler$?InstallCenterfix@?A0x3835a29d@hooks@@YAXPAUHWND__@@I@Z 1000a87d f   fullscreen.obj
 0001:000098b0       __unwindfunclet$?InstallMouseScale@?A0x3835a29d@hooks@@YAXPAUHWND__@@I@Z$0 1000a8b0 f   fullscreen.obj
 0001:000098b8       __unwindfunclet$?InstallMouseScale@?A0x3835a29d@hooks@@YAXPAUHWND__@@I@Z$1 1000a8b8 f   fullscreen.obj
 0001:000098c0       __unwindfunclet$?InstallMouseScale@?A0x3835a29d@hooks@@YAXPAUHWND__@@I@Z$2 1000a8c0 f   fullscreen.obj
 0001:000098cd       __ehhandler$?InstallMouseScale@?A0x3835a29d@hooks@@YAXPAUHWND__@@I@Z 1000a8cd f   fullscreen.obj
 0001:00009900       __unwindfunclet$?ToggleFullscreen@?A0x3835a29d@hooks@@YAXXZ$0 1000a900 f   fullscreen.obj
 0001:00009908       __unwindfunclet$?ToggleFullscreen@?A0x3835a29d@hooks@@YAXXZ$4 1000a908 f   fullscreen.obj
 0001:00009910       __unwindfunclet$?ToggleFullscreen@?A0x3835a29d@hooks@@YAXXZ$8 1000a910 f   fullscreen.obj
 0001:00009918       __unwindfunclet$?ToggleFullscreen@?A0x3835a29d@hooks@@YAXXZ$12 1000a918 f   fullscreen.obj
 0001:00009920       __unwindfunclet$?ToggleFullscreen@?A0x3835a29d@hooks@@YAXXZ$16 1000a920 f   fullscreen.obj
 0001:0000992d       __ehhandler$?ToggleFullscreen@?A0x3835a29d@hooks@@YAXXZ 1000a92d f   fullscreen.obj
 0001:00009960       ??__Fg_handlers@?A0x53e96e7a@ipc@@YAXXZ 1000a960 f   ipc.obj
 0001:00009a00       ??__Fg_send_cv@?A0x53e96e7a@ipc@@YAXXZ 1000aa00 f   ipc.obj
 0001:00009a10       ??__Fg_send_queue@?A0x53e96e7a@ipc@@YAXXZ 1000aa10 f   ipc.obj
 0002:0000023c       ?g_send_cv$initializer$@?A0x53e96e7a@ipc@@3P6AXXZA 1000b23c     ipc.obj
 0002:00000240       ?g_send_queue$initializer$@?A0x53e96e7a@ipc@@3P6AXXZA 1000b240     ipc.obj
 0002:00000244       ?g_handlers$initializer$@?A0x53e96e7a@ipc@@3P6AXXZA 1000b244     ipc.obj
 0002:00000368       ?kPollInterval@?A0x7bfb7c99@hooks@@3V?$duration@_JU?$ratio@$00$0DOI@@std@@@chrono@std@@B 1000b368     level_guard.obj
 0002:00000400       ?kNop5@?A0x46bfac04@hooks@@3QBEB 1000b400     ability_gate.obj
 0002:00000408       ?kDashUnblocked@?A0x46bfac04@hooks@@3QBEB 1000b408     ability_gate.obj
 0002:00000410       ?kSuckUnblocked@?A0x46bfac04@hooks@@3QBEB 1000b410     ability_gate.obj
 0002:00000530       ?kTemplate@?1??BuildCave1@?A0x58569c07@hooks@@YAXIQAE@Z@4QBEB 1000b530     shuffle.obj
 0002:00000550       ?kTemplate@?1??BuildCave2@?A0x58569c07@hooks@@YAXIQAE@Z@4QBEB 1000b550     shuffle.obj
 0002:00000570       ?kTemplate@?1??BuildCave3@?A0x58569c07@hooks@@YAXIQAE@Z@4QBEB 1000b570     shuffle.obj
 0002:000006a0       ?kWndProcOriginal@?A0x3835a29d@hooks@@3QBEB 1000b6a0     fullscreen.obj
 0002:000007fc       _GS_ExceptionPointers      1000b7fc     MSVCRT:gs_report.obj
 0002:00001158       __unwindtable$?Init@ipc@@YAXXZ 1000c158     ipc.obj
 0002:00001168       __ehfuncinfo$?Init@ipc@@YAXXZ 1000c168     ipc.obj
 0002:0000118c       __unwindtable$?QueueSend@ipc@@YAXABV?$basic_string@DU?$char_traits@D@std@@V?$allocator@D@2@@std@@@Z 1000c18c     ipc.obj
 0002:00001194       __ehfuncinfo$?QueueSend@ipc@@YAXABV?$basic_string@DU?$char_traits@D@std@@V?$allocator@D@2@@std@@@Z 1000c194     ipc.obj
 0002:000011b8       __unwindtable$?Log@ipc@@YAXABV?$basic_string@DU?$char_traits@D@std@@V?$allocator@D@2@@std@@@Z 1000c1b8     ipc.obj
 0002:000011c8       __ehfuncinfo$?Log@ipc@@YAXABV?$basic_string@DU?$char_traits@D@std@@V?$allocator@D@2@@std@@@Z 1000c1c8     ipc.obj
 0002:000011ec       __unwindtable$?RegisterHandler@ipc@@YAXV?$function@$$A6AXABV?$basic_string@DU?$char_traits@D@std@@V?$allocator@D@2@@std@@@Z@std@@@Z 1000c1ec     ipc.obj
 0002:000011f4       __ehfuncinfo$?RegisterHandler@ipc@@YAXV?$function@$$A6AXABV?$basic_string@DU?$char_traits@D@std@@V?$allocator@D@2@@std@@@Z@std@@@Z 1000c1f4     ipc.obj
 0002:00001218       __catchsym$?HandleLine@?A0x53e96e7a@ipc@@YAXABV?$basic_string@DU?$char_traits@D@std@@V?$allocator@D@2@@std@@@Z$7 1000c218     ipc.obj
 0002:00001228       __tryblocktable$?HandleLine@?A0x53e96e7a@ipc@@YAXABV?$basic_string@DU?$char_traits@D@std@@V?$allocator@D@2@@std@@@Z 1000c228     ipc.obj
 0002:0000123c       __unwindtable$?HandleLine@?A0x53e96e7a@ipc@@YAXABV?$basic_string@DU?$char_traits@D@std@@V?$allocator@D@2@@std@@@Z 1000c23c     ipc.obj
 0002:00001254       __ehfuncinfo$?HandleLine@?A0x53e96e7a@ipc@@YAXABV?$basic_string@DU?$char_traits@D@std@@V?$allocator@D@2@@std@@@Z 1000c254     ipc.obj
 0002:00001278       __unwindtable$?FlushSendQueue@?A0x53e96e7a@ipc@@YAXI@Z 1000c278     ipc.obj
 0002:00001288       __ehfuncinfo$?FlushSendQueue@?A0x53e96e7a@ipc@@YAXI@Z 1000c288     ipc.obj
 0002:000012ac       __unwindtable$?SenderThread@?A0x53e96e7a@ipc@@YAXIAAU?$atomic@_N@std@@@Z 1000c2ac     ipc.obj
 0002:000012b4       __ehfuncinfo$?SenderThread@?A0x53e96e7a@ipc@@YAXIAAU?$atomic@_N@std@@@Z 1000c2b4     ipc.obj
 0002:000012d8       __unwindtable$?RunConnection@?A0x53e96e7a@ipc@@YAXXZ 1000c2d8     ipc.obj
 0002:000012f8       __ehfuncinfo$?RunConnection@?A0x53e96e7a@ipc@@YAXXZ 1000c2f8     ipc.obj
 0002:0000131c       __ehfuncinfo$??$_Invoke@V?$tuple@P6AXIAAU?$atomic@_N@std@@@ZIV?$reference_wrapper@U?$atomic@_N@std@@@2@@std@@$0A@$00$01@thread@std@@CGIPAX@Z 1000c31c     ipc.obj
 0002:0000131c       __ehfuncinfo$??$_Invoke@V?$tuple@P6AXXZ@std@@$0A@@thread@std@@CGIPAX@Z 1000c31c     ipc.obj
 0002:0000131c       __ehfuncinfo$??1_Sentry_base@?$basic_istream@DU?$char_traits@D@std@@@std@@QAE@XZ 1000c31c     shuffle.obj
 0002:000013b4       __unwindtable$?InstallLevelGuard@hooks@@YA_NXZ 1000c3b4     level_guard.obj
 0002:000013c4       __ehfuncinfo$?InstallLevelGuard@hooks@@YA_NXZ 1000c3c4     level_guard.obj
 0002:000013e8       __ehfuncinfo$?PollLoop@?A0x7bfb7c99@hooks@@YAXXZ 1000c3e8     level_guard.obj
 0002:0000140c       __unwindtable$?PollLoop@?A0x7bfb7c99@hooks@@YAXXZ 1000c40c     level_guard.obj
 0002:0000146c       __unwindtable$?HandleLine@?A0x7bfb7c99@hooks@@YAXABV?$basic_string@DU?$char_traits@D@std@@V?$allocator@D@2@@std@@@Z 1000c46c     level_guard.obj
 0002:00001484       __ehfuncinfo$?HandleLine@?A0x7bfb7c99@hooks@@YAXABV?$basic_string@DU?$char_traits@D@std@@V?$allocator@D@2@@std@@@Z 1000c484     level_guard.obj
 0002:000014a8       __unwindtable$?SetDashEnabled@?A0x46bfac04@hooks@@YAX_N@Z 1000c4a8     ability_gate.obj
 0002:000014a8       __unwindtable$?SetSuckEnabled@?A0x46bfac04@hooks@@YAX_N@Z 1000c4a8     ability_gate.obj
 0002:000014b0       __ehfuncinfo$?SetDashEnabled@?A0x46bfac04@hooks@@YAX_N@Z 1000c4b0     ability_gate.obj
 0002:000014b0       __ehfuncinfo$?SetSuckEnabled@?A0x46bfac04@hooks@@YAX_N@Z 1000c4b0     ability_gate.obj
 0002:000014d4       __unwindtable$?TriggerDeathLink@?A0x54500630@hooks@@YAXXZ 1000c4d4     deathlink.obj
 0002:000014f4       __ehfuncinfo$?TriggerDeathLink@?A0x54500630@hooks@@YAXXZ 1000c4f4     deathlink.obj
 0002:00001518       __unwindtable$?InstallSitesIfNeeded@?A0x58569c07@hooks@@YAXXZ 1000c518     shuffle.obj
 0002:00001528       __ehfuncinfo$?InstallSitesIfNeeded@?A0x58569c07@hooks@@YAXXZ 1000c528     shuffle.obj
 0002:0000154c       __catchsym$?HandleLine@?A0x58569c07@hooks@@YAXABV?$basic_string@DU?$char_traits@D@std@@V?$allocator@D@2@@std@@@Z$33 1000c54c     shuffle.obj
 0002:0000155c       __tryblocktable$?HandleLine@?A0x58569c07@hooks@@YAXABV?$basic_string@DU?$char_traits@D@std@@V?$allocator@D@2@@std@@@Z 1000c55c     shuffle.obj
 0002:00001570       __ehfuncinfo$?HandleLine@?A0x58569c07@hooks@@YAXABV?$basic_string@DU?$char_traits@D@std@@V?$allocator@D@2@@std@@@Z 1000c570     shuffle.obj
 0002:00001594       __unwindtable$?HandleLine@?A0x58569c07@hooks@@YAXABV?$basic_string@DU?$char_traits@D@std@@V?$allocator@D@2@@std@@@Z 1000c594     shuffle.obj
 0002:000015f4       __catchsym$??$getline@DU?$char_traits@D@std@@V?$allocator@D@2@@std@@YAAAV?$basic_istream@DU?$char_traits@D@std@@@0@$$QAV10@AAV?$basic_string@DU?$char_traits@D@std@@V?$allocator@D@2@@0@D@Z$6 1000c5f4     shuffle.obj
 0002:00001604       __tryblocktable$??$getline@DU?$char_traits@D@std@@V?$allocator@D@2@@std@@YAAAV?$basic_istream@DU?$char_traits@D@std@@@0@$$QAV10@AAV?$basic_string@DU?$char_traits@D@std@@V?$allocator@D@2@@0@D@Z 1000c604     shuffle.obj
 0002:00001618       __ehfuncinfo$??$getline@DU?$char_traits@D@std@@V?$allocator@D@2@@std@@YAAAV?$basic_istream@DU?$char_traits@D@std@@@0@$$QAV10@AAV?$basic_string@DU?$char_traits@D@std@@V?$allocator@D@2@@0@D@Z 1000c618     shuffle.obj
 0002:0000163c       __unwindtable$??$getline@DU?$char_traits@D@std@@V?$allocator@D@2@@std@@YAAAV?$basic_istream@DU?$char_traits@D@std@@@0@$$QAV10@AAV?$basic_string@DU?$char_traits@D@std@@V?$allocator@D@2@@0@D@Z 1000c63c     shuffle.obj
 0002:00001664       __unwindtable$??1sentry@?$basic_istream@DU?$char_traits@D@std@@@std@@QAE@XZ 1000c664     shuffle.obj
 0002:0000166c       __ehfuncinfo$??1sentry@?$basic_istream@DU?$char_traits@D@std@@@std@@QAE@XZ 1000c66c     shuffle.obj
 0002:00001690       __unwindtable$?BuildMouseCave@?A0x3835a29d@hooks@@YA?AV?$vector@EV?$allocator@E@std@@@std@@II@Z 1000c690     fullscreen.obj
 0002:000016a0       __ehfuncinfo$?BuildMouseCave@?A0x3835a29d@hooks@@YA?AV?$vector@EV?$allocator@E@std@@@std@@II@Z 1000c6a0     fullscreen.obj
 0002:000016c4       __unwindtable$?BuildCenterfixCave@?A0x3835a29d@hooks@@YA?AV?$vector@EV?$allocator@E@std@@@std@@I@Z 1000c6c4     fullscreen.obj
 0002:000016cc       __ehfuncinfo$?BuildCenterfixCave@?A0x3835a29d@hooks@@YA?AV?$vector@EV?$allocator@E@std@@@std@@I@Z 1000c6cc     fullscreen.obj
 0002:000016f0       __unwindtable$?InstallMouseScale@?A0x3835a29d@hooks@@YAXPAUHWND__@@I@Z 1000c6f0     fullscreen.obj
 0002:00001708       __ehfuncinfo$?InstallMouseScale@?A0x3835a29d@hooks@@YAXPAUHWND__@@I@Z 1000c708     fullscreen.obj
 0002:0000172c       __unwindtable$?InstallCenterfix@?A0x3835a29d@hooks@@YAXPAUHWND__@@I@Z 1000c72c     fullscreen.obj
 0002:00001744       __ehfuncinfo$?InstallCenterfix@?A0x3835a29d@hooks@@YAXPAUHWND__@@I@Z 1000c744     fullscreen.obj
 0002:00001768       __ehfuncinfo$?ToggleFullscreen@?A0x3835a29d@hooks@@YAXXZ 1000c768     fullscreen.obj
 0002:0000178c       __unwindtable$?ToggleFullscreen@?A0x3835a29d@hooks@@YAXXZ 1000c78c     fullscreen.obj
 0002:000017b8       __sehtable$___scrt_is_nonwritable_in_current_image 1000c7b8     MSVCRT:utility.obj
 0002:000017d8       __sehtable$?dllmain_crt_process_attach@@YAHQAUHINSTANCE__@@QAX@Z 1000c7d8     MSVCRT:dll_dllmain.obj
 0002:000017f8       __sehtable$?dllmain_crt_process_detach@@YAH_N@Z 1000c7f8     MSVCRT:dll_dllmain.obj
 0002:00001820       __sehtable$?dllmain_dispatch@@YAHQAUHINSTANCE__@@KQAX@Z 1000c820     MSVCRT:dll_dllmain.obj
 0002:00001b48       .idata$6                   1000cb48     ws2_32:WS2_32.dll
 0002:00001d18       .idata$6                   1000cd18     kernel32:KERNEL32.dll
 0002:00001dce       .idata$6                   1000cdce     user32:USER32.dll
 0002:000027b2       .idata$6                   1000d7b2     msvcprt:MSVCP140.dll
 0002:00002892       .idata$6                   1000d892     vcruntime:VCRUNTIME140.dll
 0002:000029ea       .idata$6                   1000d9ea     ucrt:api-ms-win-crt-runtime-l1-1-0.dll
 0002:00002a0c       .idata$6                   1000da0c     ucrt:api-ms-win-crt-convert-l1-1-0.dll
 0002:00002a2e       .idata$6                   1000da2e     ucrt:api-ms-win-crt-heap-l1-1-0.dll
 0003:00000004       ?g_send_mutex@?A0x53e96e7a@ipc@@3Vmutex@std@@A 1000e004     ipc.obj
 0003:000005e0       ?g_handlers@?A0x53e96e7a@ipc@@3V?$vector@V?$function@$$A6AXABV?$basic_string@DU?$char_traits@D@std@@V?$allocator@D@2@@std@@@Z@std@@V?$allocator@V?$function@$$A6AXABV?$basic_string@DU?$char_traits@D@std@@V?$allocator@D@2@@std@@@Z@std@@@2@@std@@A 1000e5e0     ipc.obj
 0003:000005ec       ?g_send_queue@?A0x53e96e7a@ipc@@3V?$deque@V?$basic_string@DU?$char_traits@D@std@@V?$allocator@D@2@@std@@V?$allocator@V?$basic_string@DU?$char_traits@D@std@@V?$allocator@D@2@@std@@@2@@std@@A 1000e5ec     ipc.obj
 0003:00000600       ?g_send_cv@?A0x53e96e7a@ipc@@3Vcondition_variable@std@@A 1000e600     ipc.obj
 0003:00000678       ?g_original@?A0x425a29a9@hooks@@3PAXA 1000e678     boundary_gate.obj
 0003:0000067c       ?g_levelselect_original@?A0x425a29a9@hooks@@3PAXA 1000e67c     boundary_gate.obj
 0003:00000680       ?g_original@?A0x7bfb7c99@hooks@@3PAXA 1000e680     level_guard.obj
 0003:00000684       ?g_original@?A0x5dd69b6e@hooks@@3PAXA 1000e684     player_fish.obj
 0003:00000688       ?g_original@?A0x304fa003@hooks@@3PAXA 1000e688     boss_hp.obj
 0003:0000068c       ?g_cave_block@?A0x58569c07@hooks@@3PAXA 1000e68c     shuffle.obj
 0003:00000690       ?g_sites_patched@?A0x58569c07@hooks@@3_NA 1000e690     shuffle.obj
 0003:00000694       ?g_active@?A0x3835a29d@hooks@@3_NA 1000e694     fullscreen.obj
 0003:00000698       ?g_saved_style@?A0x3835a29d@hooks@@3JA 1000e698     fullscreen.obj
 0003:0000069c       ?g_saved_rect@?A0x3835a29d@hooks@@3UtagRECT@@A 1000e69c     fullscreen.obj
 0003:000006ac       ?g_mouse_cave@?A0x3835a29d@hooks@@3PAXA 1000e6ac     fullscreen.obj
 0003:000006b0       ?g_centerfix_cave@?A0x3835a29d@hooks@@3PAXA 1000e6b0     fullscreen.obj
 0003:000006b4       ?g_setcursorpos_real@?A0x3835a29d@hooks@@3IA 1000e6b4     fullscreen.obj
 0003:000006b8       _g_isLocked                1000e6b8     minhook.x32:hook.obj
 0003:000006bc       _g_hHeap                   1000e6bc     minhook.x32:hook.obj
 0003:000006c0       _g_hooks                   1000e6c0     minhook.x32:hook.obj
 0003:000006cc       _g_pMemoryBlocks           1000e6cc     minhook.x32:buffer.obj
 0003:000006d8       ?is_initialized_as_dll@@3_NA 1000e6d8     MSVCRT:utility.obj
 0003:000006d9       ?module_local_atexit_table_initialized@@3_NA 1000e6d9     MSVCRT:utility.obj
 0003:000006dc       ?module_local_atexit_table@@3U_onexit_table_t@@A 1000e6dc     MSVCRT:utility.obj
 0003:000006e8       ?module_local_at_quick_exit_table@@3U_onexit_table_t@@A 1000e6e8     MSVCRT:utility.obj
 0003:000006f4       ?__proc_attached@@3HA      1000e6f4     MSVCRT:dll_dllmain.obj
 0003:00000708       _GS_ExceptionRecord        1000e708     MSVCRT:gs_report.obj
 0003:00000758       _GS_ContextRecord          1000e758     MSVCRT:gs_report.obj
 0004:00000060       $R000000                   1000f060     * linker generated manifest res *
